<html>
<body>
<pre>
<h1>礦ision Build Log</h1>
<h2>Tool Versions:</h2>
IDE-Version: μVision V5.26.2.0
Copyright (C) 2018 ARM Ltd and ARM Germany GmbH. All rights reserved.
License Information:  ,  , LIC=HN0AE-5P61L-JJJ6S-LKCV3-DTA5K-Z73BN
 
Tool Versions:
Toolchain:       MDK-ARM Plus  Version: 5.26.2.0
Toolchain Path:  E:\MDKKeil5\ARM\ARMCC\Bin
C Compiler:      Armcc.exe V5.06 update 6 (build 750)
Assembler:       Armasm.exe V5.06 update 6 (build 750)
Linker/Locator:  ArmLink.exe V5.06 update 6 (build 750)
Library Manager: ArmAr.exe V5.06 update 6 (build 750)
Hex Converter:   FromElf.exe V5.06 update 6 (build 750)
CPU DLL:         SARMCM3.DLL V5.26.2.0
Dialog DLL:      DCM.DLL V1.17.2.0
Target DLL:      STLink\ST-LINKIII-KEIL_SWO.dll V3.0.5.0
Dialog DLL:      TCM.DLL V1.36.1.0
 
<h2>Project:</h2>
F:\至慧仪器\代码修改\RD110_双ADC同步规则采样\自研点式甲烷V1.0\USER\DMA.uvprojx
Project File Date:  11/28/2023

<h2>Output:</h2>
*** Using Compiler 'V5.06 update 6 (build 750)', folder: 'E:\MDKKeil5\ARM\ARMCC\Bin'
Rebuild target 'DMA'
compiling sensor303.c...
compiling sensor.c...
compiling cJSON.c...
compiling stm32f10x_it.c...
compiling led.c...
compiling dma.c...
compiling dac.c...
compiling system_stm32f10x.c...
compiling stmflash.c...
compiling adc.c...
compiling bsp_i2c_gpio.c...
compiling main.c...
..\HARDWARE\SHT20\SHT2X.h(31): warning:  #1295-D: Deprecated declaration AHT20_Read_CTdata_crc - give arg types
  void AHT20_Read_CTdata_crc(); //CRC校验后，读取AHT20的温度和湿度数据
main.c(169): warning:  #111-D: statement is unreachable
      if(flag_lock_wavelength == 0)  
main.c: 2 warnings, 0 errors
compiling timer.c...
..\HARDWARE\TIMER\timer.c(28): warning:  #177-D: variable "NVIC_InitStructure"  was declared but never referenced
  	NVIC_InitTypeDef NVIC_InitStructure;
..\HARDWARE\TIMER\timer.c: 1 warning, 0 errors
compiling SHT2X.c...
..\HARDWARE\SHT20\SHT2X.h(31): warning:  #1295-D: Deprecated declaration AHT20_Read_CTdata_crc - give arg types
  void AHT20_Read_CTdata_crc(); //CRC校验后，读取AHT20的温度和湿度数据
..\HARDWARE\SHT20\SHT2X.c(486): warning:  #550-D: variable "Byte_first"  was set but never used
  	uint8_t Byte_first,Byte_second,Byte_third,Byte_fourth;
..\HARDWARE\SHT20\SHT2X.c(486): warning:  #177-D: variable "Byte_fourth"  was declared but never referenced
  	uint8_t Byte_first,Byte_second,Byte_third,Byte_fourth;
..\HARDWARE\SHT20\SHT2X.c: 3 warnings, 0 errors
compiling mcp4017.c...
compiling myiic.c...
..\HARDWARE\IIC\myiic.c(49): warning:  #61-D: integer operation result is out of range
  	SDA_IN();      //SDA设置为输入  
..\HARDWARE\IIC\myiic.c(49): warning:  #68-D: integer conversion resulted in a change of sign
  	SDA_IN();      //SDA设置为输入  
..\HARDWARE\IIC\myiic.c(115): warning:  #61-D: integer operation result is out of range
  	SDA_IN();//SDA设置为输入
..\HARDWARE\IIC\myiic.c(115): warning:  #68-D: integer conversion resulted in a change of sign
  	SDA_IN();//SDA设置为输入
..\HARDWARE\IIC\myiic.c: 4 warnings, 0 errors
compiling OURS.c...
..\HARDWARE\SHT20\SHT2X.h(31): warning:  #1295-D: Deprecated declaration AHT20_Read_CTdata_crc - give arg types
  void AHT20_Read_CTdata_crc(); //CRC校验后，读取AHT20的温度和湿度数据
OURS.c(104): warning:  #177-D: variable "i"  was declared but never referenced
      u8 i;
OURS.c(213): warning:  #223-D: function "ADC1_DMA1_Config" declared implicitly
      ADC1_DMA1_Config(DMA1_Channel1, ad_cnt);
OURS.c(290): warning:  #550-D: variable "flag1"  was set but never used
      u8 flag1=0, flag2;
OURS.c: 4 warnings, 0 errors
assembling startup_stm32f10x_hd.s...
compiling delay.c...
compiling core_cm3.c...
compiling sys.c...
compiling usart.c...
compiling misc.c...
compiling stm32f10x_dma.c...
compiling stm32f10x_gpio.c...
compiling stm32f10x_usart.c...
compiling stm32f10x_rcc.c...
compiling stm32f10x_dac.c...
compiling stm32f10x_adc.c...
compiling stm32f10x_tim.c...
compiling stm32f10x_flash.c...
linking...
Program Size: Code=33848 RO-data=688 RW-data=396 ZI-data=45860  
FromELF: creating hex file...
After Build - User command #1: E:\MDKKeil5\ARM\ARMCC\bin\fromelf.exe  --bin -o  ..\GLDSV9.3.4(GD).bin ..\OBJ\DMA.axf
"..\OBJ\DMA.axf" - 0 Error(s), 14 Warning(s).

<h2>Software Packages used:</h2>

Package Vendor: Keil
                http://www.keil.com/pack/Keil.STM32F1xx_DFP.2.1.0.pack
                Keil.STM32F1xx_DFP.2.1.0
                STMicroelectronics STM32F1 Series Device Support, Drivers and Examples

<h2>Collection of Component include folders:</h2>
  .\RTE\_DMA
  E:\MDKKeil5\ARM\PACK\Keil\STM32F1xx_DFP\2.1.0\Device\Include

<h2>Collection of Component Files used:</h2>
Build Time Elapsed:  00:00:03
</pre>
</body>
</html>
