Component: ARM Compiler 5.06 update 6 (build 750) Tool: armlink [4d35ed]

==============================================================================

Section Cross References

    main.o(i.main) refers to ours.o(i.syetem_init) for syetem_init
    main.o(i.main) refers to ours.o(i.hex_to_doc) for hex_to_doc
    main.o(i.main) refers to printfa.o(i.__0printf) for __2printf
    main.o(i.main) refers to ours.o(i.ad_math) for ad_math
    main.o(i.main) refers to mcp4017.o(i.MCP4017_Write_IV) for MCP4017_Write_IV
    main.o(i.main) refers to ours.o(i.Parameter_saving) for Parameter_saving
    main.o(i.main) refers to cfrcmple.o(.text) for __aeabi_cfrcmple
    main.o(i.main) refers to ours.o(i.BIAODING_H) for BIAODING_H
    main.o(i.main) refers to ours.o(i.BIAODING_L) for BIAODING_L
    main.o(i.main) refers to ours.o(i.tem_buchang) for tem_buchang
    main.o(i.main) refers to ours.o(i.PID_point) for PID_point
    main.o(i.main) refers to ours.o(i.Saw_Generation_init) for Saw_Generation_init
    main.o(i.main) refers to usart.o(i.JSON_REPLY_WRITE_OK) for JSON_REPLY_WRITE_OK
    main.o(i.main) refers to delay.o(i.delay_ms) for delay_ms
    main.o(i.main) refers to usart.o(i.JSON_REPLY_BD_ARRAY_TEM) for JSON_REPLY_BD_ARRAY_TEM
    main.o(i.main) refers to usart.o(i.JSON_REPLY_DATA_TEM) for JSON_REPLY_DATA_TEM
    main.o(i.main) refers to f2d.o(.text) for __aeabi_f2d
    main.o(i.main) refers to ours.o(i.data_send) for data_send
    main.o(i.main) refers to ours.o(.data) for mcp4017_value
    main.o(i.main) refers to main.o(.data) for ad_sam_ok
    main.o(i.main) refers to usart.o(.data) for lock_wavelength
    main.o(i.main) refers to ours.o(.bss) for ad_val
    system_stm32f10x.o(i.SetSysClock) refers to system_stm32f10x.o(i.SetSysClockTo72) for SetSysClockTo72
    system_stm32f10x.o(i.SystemCoreClockUpdate) refers to system_stm32f10x.o(.data) for SystemCoreClock
    system_stm32f10x.o(i.SystemInit) refers to system_stm32f10x.o(i.SetSysClock) for SetSysClock
    ours.o(i.BIAODING_H) refers to cfcmple.o(.text) for __aeabi_cfcmple
    ours.o(i.BIAODING_H) refers to fadd.o(.text) for __aeabi_fsub
    ours.o(i.BIAODING_H) refers to ffltui.o(.text) for __aeabi_ui2f
    ours.o(i.BIAODING_H) refers to fmul.o(.text) for __aeabi_fmul
    ours.o(i.BIAODING_H) refers to fdiv.o(.text) for __aeabi_fdiv
    ours.o(i.BIAODING_H) refers to ffixui.o(.text) for __aeabi_f2uiz
    ours.o(i.BIAODING_H) refers to dfltui.o(.text) for __aeabi_ui2d
    ours.o(i.BIAODING_H) refers to ours.o(.bss) for biaoding
    ours.o(i.BIAODING_H) refers to ours.o(.data) for biaoding_val
    ours.o(i.BIAODING_L) refers to ffltui.o(.text) for __aeabi_ui2f
    ours.o(i.BIAODING_L) refers to fmul.o(.text) for __aeabi_fmul
    ours.o(i.BIAODING_L) refers to fadd.o(.text) for __aeabi_fadd
    ours.o(i.BIAODING_L) refers to f2d.o(.text) for __aeabi_f2d
    ours.o(i.BIAODING_L) refers to cdcmple.o(.text) for __aeabi_cdcmple
    ours.o(i.BIAODING_L) refers to dfixui.o(.text) for __aeabi_d2uiz
    ours.o(i.BIAODING_L) refers to ours.o(.data) for B3
    ours.o(i.CLOSE_LD) refers to stm32f10x_tim.o(i.TIM_Cmd) for TIM_Cmd
    ours.o(i.CLOSE_LD) refers to stm32f10x_dac.o(i.DAC_Cmd) for DAC_Cmd
    ours.o(i.CLOSE_LD) refers to stm32f10x_dma.o(i.DMA_DeInit) for DMA_DeInit
    ours.o(i.PID_point) refers to f2d.o(.text) for __aeabi_f2d
    ours.o(i.PID_point) refers to dadd.o(.text) for __aeabi_dsub
    ours.o(i.PID_point) refers to d2f.o(.text) for __aeabi_d2f
    ours.o(i.PID_point) refers to fadd.o(.text) for __aeabi_fadd
    ours.o(i.PID_point) refers to dac.o(i.Dac2_Set_Vol) for Dac2_Set_Vol
    ours.o(i.PID_point) refers to ours.o(.data) for nongdu
    ours.o(i.PID_point) refers to usart.o(.data) for lock_wavelength
    ours.o(i.Parameter_read) refers to stmflash.o(i.STMFLASH_Read) for STMFLASH_Read
    ours.o(i.Parameter_read) refers to f2d.o(.text) for __aeabi_f2d
    ours.o(i.Parameter_read) refers to cdcmple.o(.text) for __aeabi_cdcmple
    ours.o(i.Parameter_read) refers to cdrcmple.o(.text) for __aeabi_cdrcmple
    ours.o(i.Parameter_read) refers to ours.o(.bss) for Parameter_save
    ours.o(i.Parameter_read) refers to ours.o(.data) for a1
    ours.o(i.Parameter_saving) refers to ours.o(i.hex_to_doc) for hex_to_doc
    ours.o(i.Parameter_saving) refers to stmflash.o(i.STMFLASH_Read) for STMFLASH_Read
    ours.o(i.Parameter_saving) refers to stmflash.o(i.STMFLASH_Write) for STMFLASH_Write
    ours.o(i.Parameter_saving) refers to ours.o(.data) for mcp4017_value
    ours.o(i.Parameter_saving) refers to ours.o(.bss) for Parameter_save
    ours.o(i.RCC_Configuration) refers to stm32f10x_rcc.o(i.RCC_DeInit) for RCC_DeInit
    ours.o(i.RCC_Configuration) refers to stm32f10x_rcc.o(i.RCC_HSEConfig) for RCC_HSEConfig
    ours.o(i.RCC_Configuration) refers to stm32f10x_rcc.o(i.RCC_WaitForHSEStartUp) for RCC_WaitForHSEStartUp
    ours.o(i.RCC_Configuration) refers to stm32f10x_rcc.o(i.RCC_HCLKConfig) for RCC_HCLKConfig
[...]
    __use_no_exception_handling              0x00000000   Number         0  useno.o ABSOLUTE
    __use_no_fp                              0x00000000   Number         0  useno.o ABSOLUTE
    __use_no_heap                            0x00000000   Number         0  useno.o ABSOLUTE
    __use_no_heap_region                     0x00000000   Number         0  useno.o ABSOLUTE
    __use_no_semihosting                     0x00000000   Number         0  useno.o ABSOLUTE
    __use_no_semihosting_swi                 0x00000000   Number         0  useno.o ABSOLUTE
    __use_no_signal_handling                 0x00000000   Number         0  useno.o ABSOLUTE
    _printf_a                                0x00000000   Number         0  stubs.o ABSOLUTE
    _printf_c                                0x00000000   Number         0  stubs.o ABSOLUTE
    _printf_charcount                        0x00000000   Number         0  stubs.o ABSOLUTE
    _printf_d                                0x00000000   Number         0  stubs.o ABSOLUTE
    _printf_e                                0x00000000   Number         0  stubs.o ABSOLUTE
    _printf_f                                0x00000000   Number         0  stubs.o ABSOLUTE
    _printf_flags                            0x00000000   Number         0  stubs.o ABSOLUTE
    _printf_fp_dec                           0x00000000   Number         0  stubs.o ABSOLUTE
    _printf_fp_hex                           0x00000000   Number         0  stubs.o ABSOLUTE
    _printf_g                                0x00000000   Number         0  stubs.o ABSOLUTE
    _printf_i                                0x00000000   Number         0  stubs.o ABSOLUTE
    _printf_int_dec                          0x00000000   Number         0  stubs.o ABSOLUTE
    _printf_l                                0x00000000   Number         0  stubs.o ABSOLUTE
    _printf_lc                               0x00000000   Number         0  stubs.o ABSOLUTE
    _printf_ll                               0x00000000   Number         0  stubs.o ABSOLUTE
    _printf_lld                              0x00000000   Number         0  stubs.o ABSOLUTE
    _printf_lli                              0x00000000   Number         0  stubs.o ABSOLUTE
    _printf_llo                              0x00000000   Number         0  stubs.o ABSOLUTE
    _printf_llu                              0x00000000   Number         0  stubs.o ABSOLUTE
    _printf_llx                              0x00000000   Number         0  stubs.o ABSOLUTE
    _printf_longlong_dec                     0x00000000   Number         0  stubs.o ABSOLUTE
    _printf_longlong_hex                     0x00000000   Number         0  stubs.o ABSOLUTE
    _printf_longlong_oct                     0x00000000   Number         0  stubs.o ABSOLUTE
    _printf_ls                               0x00000000   Number         0  stubs.o ABSOLUTE
    _printf_mbtowc                           0x00000000   Number         0  stubs.o ABSOLUTE
    _printf_n                                0x00000000   Number         0  stubs.o ABSOLUTE
    _printf_o                                0x00000000   Number         0  stubs.o ABSOLUTE
    _printf_p                                0x00000000   Number         0  stubs.o ABSOLUTE
    _printf_percent                          0x00000000   Number         0  stubs.o ABSOLUTE
    _printf_pre_padding                      0x00000000   Number         0  stubs.o ABSOLUTE
    _printf_return_value                     0x00000000   Number         0  stubs.o ABSOLUTE
    _printf_s                                0x00000000   Number         0  stubs.o ABSOLUTE
    _printf_sizespec                         0x00000000   Number         0  stubs.o ABSOLUTE
    _printf_str                              0x00000000   Number         0  stubs.o ABSOLUTE
    _printf_truncate_signed                  0x00000000   Number         0  stubs.o ABSOLUTE
    _printf_truncate_unsigned                0x00000000   Number         0  stubs.o ABSOLUTE
    _printf_u                                0x00000000   Number         0  stubs.o ABSOLUTE
    _printf_wc                               0x00000000   Number         0  stubs.o ABSOLUTE
    _printf_wctomb                           0x00000000   Number         0  stubs.o ABSOLUTE
    _printf_widthprec                        0x00000000   Number         0  stubs.o ABSOLUTE
    _printf_x                                0x00000000   Number         0  stubs.o ABSOLUTE
    __cpp_initialize__aeabi_                  - Undefined Weak Reference
    __cxa_finalize                            - Undefined Weak Reference
    _clock_init                               - Undefined Weak Reference
    _microlib_exit                            - Undefined Weak Reference
    _scanf_int                                - Undefined Weak Reference
    _scanf_longlong                           - Undefined Weak Reference
    _scanf_string                             - Undefined Weak Reference
    __Vectors_Size                           0x00000130   Number         0  startup_stm32f10x_hd.o ABSOLUTE
    __Vectors                                0x08000000   Data           4  startup_stm32f10x_hd.o(RESET)
    __Vectors_End                            0x08000130   Data           0  startup_stm32f10x_hd.o(RESET)
    __main                                   0x08000131   Thumb Code     0  entry.o(.ARM.Collect$$$$00000000)
    _main_stk                                0x08000131   Thumb Code     0  entry2.o(.ARM.Collect$$$$00000001)
    _main_scatterload                        0x08000135   Thumb Code     0  entry5.o(.ARM.Collect$$$$00000004)
    __main_after_scatterload                 0x08000139   Thumb Code     0  entry5.o(.ARM.Collect$$$$00000004)
    _main_clock                              0x08000139   Thumb Code     0  entry7b.o(.ARM.Collect$$$$00000008)
    _main_cpp_init                           0x08000139   Thumb Code     0  entry8b.o(.ARM.Collect$$$$0000000A)
    _main_init                               0x08000139   Thumb Code     0  entry9a.o(.ARM.Collect$$$$0000000B)
    __rt_final_cpp                           0x08000141   Thumb Code     0  entry10a.o(.ARM.Collect$$$$0000000D)
    __rt_final_exit                          0x08000141   Thumb Code     0  entry11a.o(.ARM.Collect$$$$0000000F)
    Reset_Handler                            0x08000145   Thumb Code     8  startup_stm32f10x_hd.o(.text)
    ADC1_2_IRQHandler                        0x0800015f   Thumb Code     0  startup_stm32f10x_hd.o(.text)
    ADC3_IRQHandler                          0x0800015f   Thumb Code     0  startup_stm32f10x_hd.o(.text)
    CAN1_RX1_IRQHandler                      0x0800015f   Thumb Code     0  startup_stm32f10x_hd.o(.text)
    CAN1_SCE_IRQHandler                      0x0800015f   Thumb Code     0  startup_stm32f10x_hd.o(.text)
    DMA1_Channel2_IRQHandler                 0x0800015f   Thumb Code     0  startup_stm32f10x_hd.o(.text)
    DMA1_Channel4_IRQHandler                 0x0800015f   Thumb Code     0  startup_stm32f10x_hd.o(.text)
    DMA1_Channel5_IRQHandler                 0x0800015f   Thumb Code     0  startup_stm32f10x_hd.o(.text)
    DMA1_Channel6_IRQHandler                 0x0800015f   Thumb Code     0  startup_stm32f10x_hd.o(.text)
    DMA1_Channel7_IRQHandler                 0x0800015f   Thumb Code     0  startup_stm32f10x_hd.o(.text)
    DMA2_Channel1_IRQHandler                 0x0800015f   Thumb Code     0  startup_stm32f10x_hd.o(.text)
    DMA2_Channel2_IRQHandler                 0x0800015f   Thumb Code     0  startup_stm32f10x_hd.o(.text)
    DMA2_Channel3_IRQHandler                 0x0800015f   Thumb Code     0  startup_stm32f10x_hd.o(.text)
    DMA2_Channel4_5_IRQHandler               0x0800015f   Thumb Code     0  startup_stm32f10x_hd.o(.text)
    EXTI0_IRQHandler                         0x0800015f   Thumb Code     0  startup_stm32f10x_hd.o(.text)
    EXTI15_10_IRQHandler                     0x0800015f   Thumb Code     0  startup_stm32f10x_hd.o(.text)
    EXTI1_IRQHandler                         0x0800015f   Thumb Code     0  startup_stm32f10x_hd.o(.text)
    EXTI2_IRQHandler                         0x0800015f   Thumb Code     0  startup_stm32f10x_hd.o(.text)
    EXTI3_IRQHandler                         0x0800015f   Thumb Code     0  startup_stm32f10x_hd.o(.text)
    EXTI4_IRQHandler                         0x0800015f   Thumb Code     0  startup_stm32f10x_hd.o(.text)
    EXTI9_5_IRQHandler                       0x0800015f   Thumb Code     0  startup_stm32f10x_hd.o(.text)
    FLASH_IRQHandler                         0x0800015f   Thumb Code     0  startup_stm32f10x_hd.o(.text)
    FSMC_IRQHandler                          0x0800015f   Thumb Code     0  startup_stm32f10x_hd.o(.text)
    I2C1_ER_IRQHandler                       0x0800015f   Thumb Code     0  startup_stm32f10x_hd.o(.text)
    I2C1_EV_IRQHandler                       0x0800015f   Thumb Code     0  startup_stm32f10x_hd.o(.text)
    I2C2_ER_IRQHandler                       0x0800015f   Thumb Code     0  startup_stm32f10x_hd.o(.text)
    I2C2_EV_IRQHandler                       0x0800015f   Thumb Code     0  startup_stm32f10x_hd.o(.text)
    PVD_IRQHandler                           0x0800015f   Thumb Code     0  startup_stm32f10x_hd.o(.text)
    RCC_IRQHandler                           0x0800015f   Thumb Code     0  startup_stm32f10x_hd.o(.text)
    RTCAlarm_IRQHandler                      0x0800015f   Thumb Code     0  startup_stm32f10x_hd.o(.text)
    RTC_IRQHandler                           0x0800015f   Thumb Code     0  startup_stm32f10x_hd.o(.text)
    SDIO_IRQHandler                          0x0800015f   Thumb Code     0  startup_stm32f10x_hd.o(.text)
    SPI1_IRQHandler                          0x0800015f   Thumb Code     0  startup_stm32f10x_hd.o(.text)
    SPI2_IRQHandler                          0x0800015f   Thumb Code     0  startup_stm32f10x_hd.o(.text)
    SPI3_IRQHandler                          0x0800015f   Thumb Code     0  startup_stm32f10x_hd.o(.text)
    TAMPER_IRQHandler                        0x0800015f   Thumb Code     0  startup_stm32f10x_hd.o(.text)
    TIM1_BRK_IRQHandler                      0x0800015f   Thumb Code     0  startup_stm32f10x_hd.o(.text)
    TIM1_CC_IRQHandler                       0x0800015f   Thumb Code     0  startup_stm32f10x_hd.o(.text)
    TIM1_TRG_COM_IRQHandler                  0x0800015f   Thumb Code     0  startup_stm32f10x_hd.o(.text)
    TIM1_UP_IRQHandler                       0x0800015f   Thumb Code     0  startup_stm32f10x_hd.o(.text)
    TIM2_IRQHandler                          0x0800015f   Thumb Code     0  startup_stm32f10x_hd.o(.text)
    TIM3_IRQHandler                          0x0800015f   Thumb Code     0  startup_stm32f10x_hd.o(.text)
    TIM4_IRQHandler                          0x0800015f   Thumb Code     0  startup_stm32f10x_hd.o(.text)
    TIM5_IRQHandler                          0x0800015f   Thumb Code     0  startup_stm32f10x_hd.o(.text)
    TIM6_IRQHandler                          0x0800015f   Thumb Code     0  startup_stm32f10x_hd.o(.text)
    TIM7_IRQHandler                          0x0800015f   Thumb Code     0  startup_stm32f10x_hd.o(.text)
    TIM8_BRK_IRQHandler                      0x0800015f   Thumb Code     0  startup_stm32f10x_hd.o(.text)
    TIM8_CC_IRQHandler                       0x0800015f   Thumb Code     0  startup_stm32f10x_hd.o(.text)
    TIM8_TRG_COM_IRQHandler                  0x0800015f   Thumb Code     0  startup_stm32f10x_hd.o(.text)
    TIM8_UP_IRQHandler                       0x0800015f   Thumb Code     0  startup_stm32f10x_hd.o(.text)
    UART4_IRQHandler                         0x0800015f   Thumb Code     0  startup_stm32f10x_hd.o(.text)
    UART5_IRQHandler                         0x0800015f   Thumb Code     0  startup_stm32f10x_hd.o(.text)
    USART2_IRQHandler                        0x0800015f   Thumb Code     0  startup_stm32f10x_hd.o(.text)
    USART3_IRQHandler                        0x0800015f   Thumb Code     0  startup_stm32f10x_hd.o(.text)
    USBWakeUp_IRQHandler                     0x0800015f   Thumb Code     0  startup_stm32f10x_hd.o(.text)
    USB_HP_CAN1_TX_IRQHandler                0x0800015f   Thumb Code     0  startup_stm32f10x_hd.o(.text)
    USB_LP_CAN1_RX0_IRQHandler               0x0800015f   Thumb Code     0  startup_stm32f10x_hd.o(.text)
    WWDG_IRQHandler                          0x0800015f   Thumb Code     0  startup_stm32f10x_hd.o(.text)
    tolower                                  0x08000169   Thumb Code    12  tolower.o(.text)
    __aeabi_memcpy                           0x08000175   Thumb Code    36  memcpya.o(.text)
    __aeabi_memcpy4                          0x08000175   Thumb Code     0  memcpya.o(.text)
    __aeabi_memcpy8                          0x08000175   Thumb Code     0  memcpya.o(.text)
    __aeabi_memset                           0x08000199   Thumb Code    14  memseta.o(.text)
    __aeabi_memset4                          0x08000199   Thumb Code     0  memseta.o(.text)
    __aeabi_memset8                          0x08000199   Thumb Code     0  memseta.o(.text)
    __aeabi_memclr                           0x080001a7   Thumb Code     4  memseta.o(.text)
    __aeabi_memclr4                          0x080001a7   Thumb Code     0  memseta.o(.text)
    __aeabi_memclr8                          0x080001a7   Thumb Code     0  memseta.o(.text)
    _memset$wrapper                          0x080001ab   Thumb Code    18  memseta.o(.text)
    strlen                                   0x080001bd   Thumb Code    14  strlen.o(.text)
    strcmp                                   0x080001cb   Thumb Code    28  strcmp.o(.text)
    strcpy                                   0x080001e7   Thumb Code    18  strcpy.o(.text)
    strncmp                                  0x080001f9   Thumb Code    30  strncmp.o(.text)
    __0sscanf                                0x08000219   Thumb Code    48  __0sscanf.o(.text)
    _scanf_real                              0x08000379   Thumb Code     0  scanf_fp.o(.text)
    _scanf_really_real                       0x08000379   Thumb Code   556  scanf_fp.o(.text)
    __aeabi_fadd                             0x080005b1   Thumb Code   164  fadd.o(.text)
    __aeabi_fsub                             0x08000655   Thumb Code     6  fadd.o(.text)
    __aeabi_frsub                            0x0800065b   Thumb Code     6  fadd.o(.text)
    __aeabi_fmul                             0x08000661   Thumb Code   100  fmul.o(.text)
    __aeabi_fdiv                             0x080006c5   Thumb Code   124  fdiv.o(.text)
    __aeabi_dadd                             0x08000741   Thumb Code   322  dadd.o(.text)
    __aeabi_dsub                             0x08000883   Thumb Code     6  dadd.o(.text)
    __aeabi_drsub                            0x08000889   Thumb Code     6  dadd.o(.text)
    __aeabi_dmul                             0x0800088f   Thumb Code   228  dmul.o(.text)
    __aeabi_ddiv                             0x08000973   Thumb Code   222  ddiv.o(.text)
    __aeabi_i2f                              0x08000a51   Thumb Code    18  fflti.o(.text)
    __aeabi_ui2f                             0x08000a63   Thumb Code    10  ffltui.o(.text)
    __aeabi_i2d                              0x08000a6d   Thumb Code    34  dflti.o(.text)
    __aeabi_ui2d                             0x08000a8f   Thumb Code    26  dfltui.o(.text)
    __aeabi_f2iz                             0x08000aa9   Thumb Code    50  ffixi.o(.text)
    __aeabi_f2uiz                            0x08000adb   Thumb Code    40  ffixui.o(.text)
    __aeabi_d2iz                             0x08000b03   Thumb Code    62  dfixi.o(.text)
    __aeabi_d2uiz                            0x08000b41   Thumb Code    50  dfixui.o(.text)
    __aeabi_f2d                              0x08000b73   Thumb Code    38  f2d.o(.text)
    __aeabi_cdcmpeq                          0x08000b99   Thumb Code     0  cdcmple.o(.text)
    __aeabi_cdcmple                          0x08000b99   Thumb Code    48  cdcmple.o(.text)
    __aeabi_cdrcmple                         0x08000bc9   Thumb Code    48  cdrcmple.o(.text)
    __aeabi_d2f                              0x08000bf9   Thumb Code    56  d2f.o(.text)
    __aeabi_cfcmpeq                          0x08000c31   Thumb Code     0  cfcmple.o(.text)
    __aeabi_cfcmple                          0x08000c31   Thumb Code    20  cfcmple.o(.text)
    __aeabi_cfrcmple                         0x08000c45   Thumb Code    20  cfrcmple.o(.text)
    __aeabi_uidiv                            0x08000c59   Thumb Code     0  uidiv.o(.text)
    __aeabi_uidivmod                         0x08000c59   Thumb Code    44  uidiv.o(.text)
    __aeabi_uldivmod                         0x08000c85   Thumb Code    98  uldiv.o(.text)
    __aeabi_llsl                             0x08000ce7   Thumb Code    30  llshl.o(.text)
    _ll_shift_l                              0x08000ce7   Thumb Code     0  llshl.o(.text)
    __aeabi_llsr                             0x08000d05   Thumb Code    32  llushr.o(.text)
    _ll_ushift_r                             0x08000d05   Thumb Code     0  llushr.o(.text)
    __aeabi_lasr                             0x08000d25   Thumb Code    36  llsshr.o(.text)
    _ll_sshift_r                             0x08000d25   Thumb Code     0  llsshr.o(.text)
    __vfscanf_char                           0x08000d55   Thumb Code    20  scanf_char.o(.text)
    _sgetc                                   0x08000d71   Thumb Code    30  _sgetc.o(.text)
    _sbackspace                              0x08000d8f   Thumb Code    34  _sgetc.o(.text)
    __strtod_int                             0x08000de7   Thumb Code    90  strtod.o(.text)
    __I$use$fp                               0x08000e4d   Thumb Code     0  iusefp.o(.text)
    _float_round                             0x08000e4d   Thumb Code    18  fepilogue.o(.text)
    _float_epilogue                          0x08000e5f   Thumb Code    92  fepilogue.o(.text)
    _double_round                            0x08000ebb   Thumb Code    30  depilogue.o(.text)
    _double_epilogue                         0x08000ed9   Thumb Code   156  depilogue.o(.text)
    __aeabi_ul2d                             0x08000f75   Thumb Code    24  dfltul.o(.text)
    __aeabi_d2ulz                            0x08000f8d   Thumb Code    48  dfixul.o(.text)
    __scatterload                            0x08000fbd   Thumb Code    28  init.o(.text)
    __scatterload_rt2                        0x08000fbd   Thumb Code     0  init.o(.text)
    isspace                                  0x08000fe1   Thumb Code    10  isspace_c.o(.text)
    __vfscanf                                0x08000fed   Thumb Code   808  _scanf.o(.text)
    __ARM_scalbn                             0x08001319   Thumb Code    46  dscalb.o(.text)
    scalbn                                   0x08001319   Thumb Code     0  dscalb.o(.text)
    __ctype_lookup                           0x08001349   Thumb Code    34  ctype_c.o(.text)
    __decompress                             0x08001371   Thumb Code     0  __dczerorl.o(.text)
    __decompress0                            0x08001371   Thumb Code    58  __dczerorl.o(.text)
    ADC1_DMA1_Config                         0x080013ad   Thumb Code   134  dma.o(i.ADC1_DMA1_Config)
    ADC_Cmd                                  0x08001441   Thumb Code    22  stm32f10x_adc.o(i.ADC_Cmd)
    ADC_DMACmd                               0x08001457   Thumb Code    22  stm32f10x_adc.o(i.ADC_DMACmd)
    ADC_ExternalTrigConvCmd                  0x0800146d   Thumb Code    22  stm32f10x_adc.o(i.ADC_ExternalTrigConvCmd)
    ADC_GetCalibrationStatus                 0x08001483   Thumb Code    20  stm32f10x_adc.o(i.ADC_GetCalibrationStatus)
    ADC_GetResetCalibrationStatus            0x08001497   Thumb Code    20  stm32f10x_adc.o(i.ADC_GetResetCalibrationStatus)
    ADC_Init                                 0x080014ad   Thumb Code    70  stm32f10x_adc.o(i.ADC_Init)
    ADC_RegularChannelConfig                 0x080014fd   Thumb Code   184  stm32f10x_adc.o(i.ADC_RegularChannelConfig)
    ADC_ResetCalibration                     0x080015b5   Thumb Code    10  stm32f10x_adc.o(i.ADC_ResetCalibration)
    ADC_SoftwareStartConvCmd                 0x080015bf   Thumb Code    22  stm32f10x_adc.o(i.ADC_SoftwareStartConvCmd)
    ADC_StartCalibration                     0x080015d5   Thumb Code    10  stm32f10x_adc.o(i.ADC_StartCalibration)
    AHT20_Clock_Init                         0x080015df   Thumb Code    12  sht2x.o(i.AHT20_Clock_Init)
    AHT20_I2C_Start                          0x080015eb   Thumb Code    44  sht2x.o(i.AHT20_I2C_Start)
    AHT20_Init                               0x08001617   Thumb Code   116  sht2x.o(i.AHT20_Init)
    AHT20_RD_Byte                            0x0800168d   Thumb Code    80  sht2x.o(i.AHT20_RD_Byte)
    AHT20_Read_CTdata_crc                    0x080016e1   Thumb Code   394  sht2x.o(i.AHT20_Read_CTdata_crc)
    AHT20_Read_Status                        0x08001885   Thumb Code    34  sht2x.o(i.AHT20_Read_Status)
    AHT20_SendAC                             0x080018a7   Thumb Code    52  sht2x.o(i.AHT20_SendAC)
    AHT20_WR_Byte                            0x080018db   Thumb Code    82  sht2x.o(i.AHT20_WR_Byte)
    Adc_Init                                 0x0800192d   Thumb Code   242  adc.o(i.Adc_Init)
    BIAODING_H                               0x08001a31   Thumb Code   344  ours.o(i.BIAODING_H)
    BIAODING_L                               0x08001b99   Thumb Code   196  ours.o(i.BIAODING_L)
    BusFault_Handler                         0x08001c79   Thumb Code     4  stm32f10x_it.o(i.BusFault_Handler)
    Calc_CRC8                                0x08001c7d   Thumb Code    58  sht2x.o(i.Calc_CRC8)
    DAC2_Config                              0x08001cb9   Thumb Code    86  dac.o(i.DAC2_Config)
    DAC_Cmd                                  0x08001d15   Thumb Code    34  stm32f10x_dac.o(i.DAC_Cmd)
    DAC_DMA_Config                           0x08001d3d   Thumb Code   126  dma.o(i.DAC_DMA_Config)
    DAC_Init                                 0x08001dc9   Thumb Code    46  stm32f10x_dac.o(i.DAC_Init)
    DAC_SetChannel1Data                      0x08001dfd   Thumb Code    26  stm32f10x_dac.o(i.DAC_SetChannel1Data)
    DAC_SetChannel2Data                      0x08001e1d   Thumb Code    26  stm32f10x_dac.o(i.DAC_SetChannel2Data)
    DMA1_Channel1_IRQHandler                 0x08001e3d   Thumb Code    30  dma.o(i.DMA1_Channel1_IRQHandler)
    DMA1_Channel3_IRQHandler                 0x08001e65   Thumb Code    54  dma.o(i.DMA1_Channel3_IRQHandler)
    DMA_ClearITPendingBit                    0x08001ea9   Thumb Code    18  stm32f10x_dma.o(i.DMA_ClearITPendingBit)
    DMA_Cmd                                  0x08001ec5   Thumb Code    24  stm32f10x_dma.o(i.DMA_Cmd)
    DMA_DeInit                               0x08001edd   Thumb Code   324  stm32f10x_dma.o(i.DMA_DeInit)
    DMA_GetFlagStatus                        0x08002029   Thumb Code    36  stm32f10x_dma.o(i.DMA_GetFlagStatus)
    DMA_ITConfig                             0x08002055   Thumb Code    18  stm32f10x_dma.o(i.DMA_ITConfig)
    DMA_Init                                 0x08002067   Thumb Code    60  stm32f10x_dma.o(i.DMA_Init)
    DMA_SetCurrDataCounter                   0x080020a3   Thumb Code     4  stm32f10x_dma.o(i.DMA_SetCurrDataCounter)
    Dac1_Init                                0x080020a9   Thumb Code    94  dac.o(i.Dac1_Init)
    Dac2_Set_Vol                             0x0800210d   Thumb Code    30  dac.o(i.Dac2_Set_Vol)
    DebugMon_Handler                         0x08002131   Thumb Code     2  stm32f10x_it.o(i.DebugMon_Handler)
    Delay_1ms                                0x08002133   Thumb Code    24  sht2x.o(i.Delay_1ms)
    Delay_4us                                0x0800214b   Thumb Code    28  sht2x.o(i.Delay_4us)
    Delay_5us                                0x08002167   Thumb Code    34  sht2x.o(i.Delay_5us)
    Delay_N10us                              0x08002189   Thumb Code    24  sht2x.o(i.Delay_N10us)
    FLASH_ErasePage                          0x080021a1   Thumb Code    72  stm32f10x_flash.o(i.FLASH_ErasePage)
    FLASH_GetBank1Status                     0x080021ed   Thumb Code    48  stm32f10x_flash.o(i.FLASH_GetBank1Status)
    FLASH_Lock                               0x08002221   Thumb Code    14  stm32f10x_flash.o(i.FLASH_Lock)
    FLASH_ProgramHalfWord                    0x08002235   Thumb Code    60  stm32f10x_flash.o(i.FLASH_ProgramHalfWord)
    FLASH_Unlock                             0x08002275   Thumb Code    12  stm32f10x_flash.o(i.FLASH_Unlock)
    FLASH_WaitForLastOperation               0x0800228d   Thumb Code    38  stm32f10x_flash.o(i.FLASH_WaitForLastOperation)
    GPIO_Init                                0x080022b3   Thumb Code   278  stm32f10x_gpio.o(i.GPIO_Init)
    GPIO_ReadInputDataBit                    0x080023c9   Thumb Code    18  stm32f10x_gpio.o(i.GPIO_ReadInputDataBit)
    GPIO_ResetBits                           0x080023db   Thumb Code     4  stm32f10x_gpio.o(i.GPIO_ResetBits)
    GPIO_SetBits                             0x080023df   Thumb Code     4  stm32f10x_gpio.o(i.GPIO_SetBits)
    HAL_Delay                                0x080023e3   Thumb Code    28  sensor303.o(i.HAL_Delay)
    HP203B_Get_Data_Press_Temp_Altitude      0x080023ff   Thumb Code    34  sensor303.o(i.HP203B_Get_Data_Press_Temp_Altitude)
    HP203_relocation                         0x08002421   Thumb Code    18  sensor303.o(i.HP203_relocation)
    HP303B_IIC_Read                          0x08002433   Thumb Code    80  sensor.o(i.HP303B_IIC_Read)
    HP303B_IIC_Write                         0x08002483   Thumb Code    54  sensor.o(i.HP303B_IIC_Write)
    HP303B_IIC_WriteSingle                   0x080024b9   Thumb Code    24  sensor.o(i.HP303B_IIC_WriteSingle)
    HP303B_bIICBurstRead                     0x080024d1   Thumb Code    40  sensor.o(i.HP303B_bIICBurstRead)
    HP303B_bIICBurstWrite                    0x080024f9   Thumb Code    62  sensor.o(i.HP303B_bIICBurstWrite)
    HardFault_Handler                        0x08002537   Thumb Code     4  stm32f10x_it.o(i.HardFault_Handler)
    Hp203bReadPressureTemperature            0x0800253d   Thumb Code   222  sensor303.o(i.Hp203bReadPressureTemperature)
    Hp203b_read_id                           0x08002621   Thumb Code   328  sensor303.o(i.Hp203b_read_id)
    I2C1_init                                0x08002769   Thumb Code     8  mcp4017.o(i.I2C1_init)
    I2C_Delay                                0x08002771   Thumb Code    26  bsp_i2c_gpio.o(i.I2C_Delay)
    I2C_GetAck                               0x0800278d   Thumb Code    74  bsp_i2c_gpio.o(i.I2C_GetAck)
    I2C_PutAck                               0x080027dd   Thumb Code    76  bsp_i2c_gpio.o(i.I2C_PutAck)
    I2C_ReadByte                             0x0800282d   Thumb Code    92  bsp_i2c_gpio.o(i.I2C_ReadByte)
    I2C_SDA_SetInput                         0x0800288d   Thumb Code    26  bsp_i2c_gpio.o(i.I2C_SDA_SetInput)
    I2C_SDA_SetOutput                        0x080028ad   Thumb Code    32  bsp_i2c_gpio.o(i.I2C_SDA_SetOutput)
    I2C_Start                                0x080028d1   Thumb Code    60  bsp_i2c_gpio.o(i.I2C_Start)
    I2C_Stop                                 0x08002911   Thumb Code    46  bsp_i2c_gpio.o(i.I2C_Stop)
    I2C_WriteByte                            0x08002945   Thumb Code   100  bsp_i2c_gpio.o(i.I2C_WriteByte)
    IIC1_Ack                                 0x080029ad   Thumb Code    66  mcp4017.o(i.IIC1_Ack)
    IIC1_Init                                0x080029fd   Thumb Code    50  mcp4017.o(i.IIC1_Init)
    IIC1_NAck                                0x08002a3d   Thumb Code    66  mcp4017.o(i.IIC1_NAck)
    IIC1_Read_Byte                           0x08002a8d   Thumb Code    98  mcp4017.o(i.IIC1_Read_Byte)
    IIC1_Send_Byte                           0x08002afd   Thumb Code    90  mcp4017.o(i.IIC1_Send_Byte)
    IIC1_Start                               0x08002b65   Thumb Code    64  mcp4017.o(i.IIC1_Start)
    IIC1_Stop                                0x08002bb1   Thumb Code    62  mcp4017.o(i.IIC1_Stop)
    IIC1_Wait_Ack                            0x08002bfd   Thumb Code    86  mcp4017.o(i.IIC1_Wait_Ack)
    IO_Init                                  0x08002c61   Thumb Code   106  led.o(i.IO_Init)
    Init_I2C_Sensor_Port                     0x08002cdd   Thumb Code    76  sht2x.o(i.Init_I2C_Sensor_Port)
    JSON_REPLY_BD_ARRAY_TEM                  0x08002d2d   Thumb Code   216  usart.o(i.JSON_REPLY_BD_ARRAY_TEM)
    JSON_REPLY_DATA_TEM                      0x08002e25   Thumb Code   264  usart.o(i.JSON_REPLY_DATA_TEM)
    JSON_REPLY_WRITE_OK                      0x08002f61   Thumb Code    22  usart.o(i.JSON_REPLY_WRITE_OK)
    MCP4017_Read_IV                          0x08002f81   Thumb Code    32  mcp4017.o(i.MCP4017_Read_IV)
    MCP4017_Write_IV                         0x08002fa1   Thumb Code    34  mcp4017.o(i.MCP4017_Write_IV)
    MYDMA_Enable                             0x08002fc5   Thumb Code    32  dma.o(i.MYDMA_Enable)
    MemManage_Handler                        0x08002fe9   Thumb Code     4  stm32f10x_it.o(i.MemManage_Handler)
    NMI_Handler                              0x08002fed   Thumb Code     2  stm32f10x_it.o(i.NMI_Handler)
    NVIC_Init                                0x08002ff1   Thumb Code   100  misc.o(i.NVIC_Init)
    NVIC_PriorityGroupConfig                 0x08003061   Thumb Code    10  misc.o(i.NVIC_PriorityGroupConfig)
    PID_point                                0x08003075   Thumb Code   150  ours.o(i.PID_point)
    Parameter_read                           0x0800312d   Thumb Code   598  ours.o(i.Parameter_read)
    Parameter_saving                         0x08003421   Thumb Code   320  ours.o(i.Parameter_saving)
    PendSV_Handler                           0x080035c5   Thumb Code     2  stm32f10x_it.o(i.PendSV_Handler)
    RCC_ADCCLKConfig                         0x080035c9   Thumb Code    18  stm32f10x_rcc.o(i.RCC_ADCCLKConfig)
    RCC_AHBPeriphClockCmd                    0x080035e1   Thumb Code    26  stm32f10x_rcc.o(i.RCC_AHBPeriphClockCmd)
    RCC_APB1PeriphClockCmd                   0x08003601   Thumb Code    26  stm32f10x_rcc.o(i.RCC_APB1PeriphClockCmd)
    RCC_APB2PeriphClockCmd                   0x08003621   Thumb Code    26  stm32f10x_rcc.o(i.RCC_APB2PeriphClockCmd)
    RCC_Configuration                        0x08003641   Thumb Code    92  ours.o(i.RCC_Configuration)
    RCC_DeInit                               0x0800369d   Thumb Code    64  stm32f10x_rcc.o(i.RCC_DeInit)
    RCC_GetClocksFreq                        0x080036e9   Thumb Code   192  stm32f10x_rcc.o(i.RCC_GetClocksFreq)
    RCC_GetFlagStatus                        0x080037bd   Thumb Code    56  stm32f10x_rcc.o(i.RCC_GetFlagStatus)
    RCC_GetSYSCLKSource                      0x080037f9   Thumb Code    10  stm32f10x_rcc.o(i.RCC_GetSYSCLKSource)
    RCC_HCLKConfig                           0x08003809   Thumb Code    18  stm32f10x_rcc.o(i.RCC_HCLKConfig)
    RCC_HSEConfig                            0x08003821   Thumb Code    70  stm32f10x_rcc.o(i.RCC_HSEConfig)
    RCC_PCLK1Config                          0x0800386d   Thumb Code    18  stm32f10x_rcc.o(i.RCC_PCLK1Config)
    RCC_PCLK2Config                          0x08003885   Thumb Code    20  stm32f10x_rcc.o(i.RCC_PCLK2Config)
    RCC_PLLCmd                               0x0800389d   Thumb Code     6  stm32f10x_rcc.o(i.RCC_PLLCmd)
    RCC_PLLConfig                            0x080038a9   Thumb Code    24  stm32f10x_rcc.o(i.RCC_PLLConfig)
    RCC_SYSCLKConfig                         0x080038c5   Thumb Code    18  stm32f10x_rcc.o(i.RCC_SYSCLKConfig)
    RCC_WaitForHSEStartUp                    0x080038dd   Thumb Code    56  stm32f10x_rcc.o(i.RCC_WaitForHSEStartUp)
    Receive_ACK                              0x08003915   Thumb Code    70  sht2x.o(i.Receive_ACK)
    SCL_Pin_Output_High                      0x08003961   Thumb Code    12  sht2x.o(i.SCL_Pin_Output_High)
    SCL_Pin_Output_Low                       0x08003971   Thumb Code    12  sht2x.o(i.SCL_Pin_Output_Low)
    SDA_Pin_IN_FLOATING                      0x08003981   Thumb Code    30  sht2x.o(i.SDA_Pin_IN_FLOATING)
    SDA_Pin_Output_High                      0x080039a5   Thumb Code    38  sht2x.o(i.SDA_Pin_Output_High)
    SDA_Pin_Output_Low                       0x080039d1   Thumb Code    38  sht2x.o(i.SDA_Pin_Output_Low)
    STMFLASH_Read                            0x080039fd   Thumb Code    34  stmflash.o(i.STMFLASH_Read)
    STMFLASH_ReadHalfWord                    0x08003a1f   Thumb Code     6  stmflash.o(i.STMFLASH_ReadHalfWord)
    STMFLASH_Write                           0x08003a25   Thumb Code   222  stmflash.o(i.STMFLASH_Write)
    STMFLASH_Write_NoCheck                   0x08003b0d   Thumb Code    38  stmflash.o(i.STMFLASH_Write_NoCheck)
    SVC_Handler                              0x08003b33   Thumb Code     2  stm32f10x_it.o(i.SVC_Handler)
    Saw_Generation_init                      0x08003b35   Thumb Code    52  ours.o(i.Saw_Generation_init)
    Send_ACK                                 0x08003b79   Thumb Code    54  sht2x.o(i.Send_ACK)
    Send_NOT_ACK                             0x08003baf   Thumb Code    54  sht2x.o(i.Send_NOT_ACK)
    SensorDelay_us                           0x08003be5   Thumb Code    22  sht2x.o(i.SensorDelay_us)
    Sensor_I2C_Init                          0x08003bfd   Thumb Code    50  bsp_i2c_gpio.o(i.Sensor_I2C_Init)
    Stop_I2C                                 0x08003d1d   Thumb Code    34  sht2x.o(i.Stop_I2C)
    SysTick_CLKSourceConfig                  0x08003d3f   Thumb Code    40  misc.o(i.SysTick_CLKSourceConfig)
    SysTick_Handler                          0x08003d67   Thumb Code     2  stm32f10x_it.o(i.SysTick_Handler)
    SystemInit                               0x08003d69   Thumb Code    78  system_stm32f10x.o(i.SystemInit)
    TEM_math                                 0x08003dc9   Thumb Code    58  ours.o(i.TEM_math)
    TIM3_Int_Init                            0x08003e19   Thumb Code    50  timer.o(i.TIM3_Int_Init)
    TIM_Cmd                                  0x08003e51   Thumb Code    24  stm32f10x_tim.o(i.TIM_Cmd)
    TIM_TimeBaseInit                         0x08003e69   Thumb Code   122  stm32f10x_tim.o(i.TIM_TimeBaseInit)
    USART1_IRQHandler                        0x08003f0d   Thumb Code   964  usart.o(i.USART1_IRQHandler)
    USART_Cmd                                0x08004325   Thumb Code    24  stm32f10x_usart.o(i.USART_Cmd)
    USART_GetFlagStatus                      0x0800433d   Thumb Code    26  stm32f10x_usart.o(i.USART_GetFlagStatus)
    USART_GetITStatus                        0x08004357   Thumb Code    84  stm32f10x_usart.o(i.USART_GetITStatus)
    USART_ITConfig                           0x080043ab   Thumb Code    74  stm32f10x_usart.o(i.USART_ITConfig)
    USART_Init                               0x080043f5   Thumb Code   210  stm32f10x_usart.o(i.USART_Init)
    USART_ReceiveData                        0x080044cd   Thumb Code    10  stm32f10x_usart.o(i.USART_ReceiveData)
    USART_SendData                           0x080044d7   Thumb Code     8  stm32f10x_usart.o(i.USART_SendData)
    UsageFault_Handler                       0x080044df   Thumb Code     4  stm32f10x_it.o(i.UsageFault_Handler)
    XOR_check                                0x080044e3   Thumb Code    34  ours.o(i.XOR_check)
    __0printf                                0x08004505   Thumb Code    22  printfa.o(i.__0printf)
    __1printf                                0x08004505   Thumb Code     0  printfa.o(i.__0printf)
    __2printf                                0x08004505   Thumb Code     0  printfa.o(i.__0printf)
    __c89printf                              0x08004505   Thumb Code     0  printfa.o(i.__0printf)
    printf                                   0x08004505   Thumb Code     0  printfa.o(i.__0printf)
    __0sprintf                               0x08004525   Thumb Code    34  printfa.o(i.__0sprintf)
    __1sprintf                               0x08004525   Thumb Code     0  printfa.o(i.__0sprintf)
    __2sprintf                               0x08004525   Thumb Code     0  printfa.o(i.__0sprintf)
    __c89sprintf                             0x08004525   Thumb Code     0  printfa.o(i.__0sprintf)
    sprintf                                  0x08004525   Thumb Code     0  printfa.o(i.__0sprintf)
    __ARM_fpclassify                         0x0800454d   Thumb Code    40  fpclassify.o(i.__ARM_fpclassify)
    free                                     0x08004575   Thumb Code    88  mallocr.o(i.__free$realloc)
    __ieee754_rem_pio2                       0x080045d1   Thumb Code   828  rred.o(i.__ieee754_rem_pio2)
    __kernel_cos                             0x08004959   Thumb Code   230  cos_i.o(i.__kernel_cos)
    __kernel_poly                            0x08004a55   Thumb Code   170  poly.o(i.__kernel_poly)
    __kernel_sin                             0x08004b01   Thumb Code   224  sin_i.o(i.__kernel_sin)
    malloc                                   0x08004bed   Thumb Code    64  mallocr.o(i.__malloc$realloc)
    __mathlib_dbl_infnan                     0x08004c3d   Thumb Code     6  dunder.o(i.__mathlib_dbl_infnan)
    __mathlib_dbl_invalid                    0x08004c43   Thumb Code    12  dunder.o(i.__mathlib_dbl_invalid)
    __mathlib_dbl_underflow                  0x08004c51   Thumb Code    10  dunder.o(i.__mathlib_dbl_underflow)
    __scatterload_copy                       0x08004c61   Thumb Code    14  handlers.o(i.__scatterload_copy)
    __scatterload_null                       0x08004c6f   Thumb Code     2  handlers.o(i.__scatterload_null)
    __scatterload_zeroinit                   0x08004c71   Thumb Code    14  handlers.o(i.__scatterload_zeroinit)
    __set_errno                              0x08004c81   Thumb Code     6  errno.o(i.__set_errno)
    _is_digit                                0x08004e11   Thumb Code    14  scanf_fp.o(i._is_digit)
    ad_math                                  0x08005559   Thumb Code  1784  ours.o(i.ad_math)
    cJSON_AddItemToArray                     0x08005d7f   Thumb Code    16  cjson.o(i.cJSON_AddItemToArray)
    cJSON_AddItemToObject                    0x08005d91   Thumb Code    26  cjson.o(i.cJSON_AddItemToObject)
    cJSON_CreateArray                        0x08005db1   Thumb Code    20  cjson.o(i.cJSON_CreateArray)
    cJSON_CreateNumber                       0x08005dc9   Thumb Code    82  cjson.o(i.cJSON_CreateNumber)
    cJSON_CreateObject                       0x08005e2d   Thumb Code    20  cjson.o(i.cJSON_CreateObject)
    cJSON_Delete                             0x08005e45   Thumb Code    84  cjson.o(i.cJSON_Delete)
    cJSON_GetArrayItem                       0x08005e9d   Thumb Code    24  cjson.o(i.cJSON_GetArrayItem)
    cJSON_GetObjectItem                      0x08005eb5   Thumb Code    18  cjson.o(i.cJSON_GetObjectItem)
    cJSON_GetObjectItemCaseSensitive         0x08005ec7   Thumb Code    18  cjson.o(i.cJSON_GetObjectItemCaseSensitive)
    cJSON_Parse                              0x08005ef3   Thumb Code    16  cjson.o(i.cJSON_Parse)
    cJSON_ParseWithOpts                      0x08005f05   Thumb Code   204  cjson.o(i.cJSON_ParseWithOpts)
    cJSON_PrintUnformatted                   0x08005fd9   Thumb Code    16  cjson.o(i.cJSON_PrintUnformatted)
    complay_command                          0x08006071   Thumb Code   948  usart.o(i.complay_command)
    data_send                                0x08006521   Thumb Code  1834  ours.o(i.data_send)
    delay_init                               0x08006c6d   Thumb Code    18  delay.o(i.delay_init)
    delay_ms                                 0x08006c85   Thumb Code    26  delay.o(i.delay_ms)
    delay_us                                 0x08006ca1   Thumb Code    72  delay.o(i.delay_us)
    fputc                                    0x08006da9   Thumb Code    24  usart.o(i.fputc)
    hex_to_doc                               0x08006e2b   Thumb Code   202  ours.o(i.hex_to_doc)
    main                                     0x08006f45   Thumb Code   644  main.o(i.main)
    num_to_res                               0x0800724d   Thumb Code    22  ours.o(i.num_to_res)
    realloc                                  0x08007f41   Thumb Code   102  mallocr.o(i.realloc)
    saw_Generation                           0x08007fad   Thumb Code    64  ours.o(i.saw_Generation)
    sin                                      0x08007ffd   Thumb Code   150  sin.o(i.sin)
    string_pipei                             0x080080d9   Thumb Code    36  usart.o(i.string_pipei)
    strtod                                   0x080080fd   Thumb Code    28  strtod.o(i.strtod)
    syetem_init                              0x08008121   Thumb Code    58  ours.o(i.syetem_init)
    sys_int                                  0x08008161   Thumb Code   134  ours.o(i.sys_int)
    tem_buchang                              0x0800820d   Thumb Code   304  ours.o(i.tem_buchang)
    uart_init                                0x08008379   Thumb Code   152  usart.o(i.uart_init)
    __ctype_categories                       0x08008688   Data          64  ctype_c.o(.constdata)
    Region$$Table$$Base                      0x080086c8   Number         0  anon$$obj.o(Region$$Table)
    Region$$Table$$Limit                     0x080086e8   Number         0  anon$$obj.o(Region$$Table)
    flag_lock_wavelength                     0x20000000   Data           1  main.o(.data)
    ERROR_CODE                               0x20000001   Data           1  main.o(.data)
    ad_sam_ok                                0x20000002   Data           1  main.o(.data)
    ad_sam_adgin                             0x20000003   Data           1  main.o(.data)
    nongdu_A                                 0x20000008   Data           8  main.o(.data)
    count                                    0x20000010   Data           1  main.o(.data)
    i                                        0x20000012   Data           2  main.o(.data)
    a                                        0x20000014   Data           2  main.o(.data)
    b                                        0x20000016   Data           2  main.o(.data)
    c                                        0x20000018   Data           2  main.o(.data)
    flag_H_D                                 0x20000020   Data           1  ours.o(.data)
    biaoding_val                             0x20000024   Data          20  ours.o(.data)
    Calibration_coefficient                  0x20000038   Data           4  ours.o(.data)
    wavelength                               0x2000003c   Data           4  ours.o(.data)
    intercept                                0x20000040   Data           4  ours.o(.data)
    B1                                       0x20000044   Data           4  ours.o(.data)
    B2                                       0x20000048   Data           4  ours.o(.data)
    B3                                       0x2000004c   Data           4  ours.o(.data)
    Tem_coefficient_h                        0x20000050   Data           4  ours.o(.data)
    Tem_coefficient_l                        0x20000054   Data           4  ours.o(.data)
    tem_V                                    0x20000058   Data           4  ours.o(.data)
    mcp4017_value                            0x2000005c   Data           4  ours.o(.data)
    mcp4017_step                             0x20000060   Data           2  ours.o(.data)
    adc_ff_flag                              0x20000062   Data           1  ours.o(.data)
    a1                                       0x20000064   Data           4  ours.o(.data)
    a2                                       0x20000068   Data           4  ours.o(.data)
    a3                                       0x2000006c   Data           4  ours.o(.data)
    a4                                       0x20000070   Data           4  ours.o(.data)
    a5                                       0x20000074   Data           4  ours.o(.data)
    a6                                       0x20000078   Data           4  ours.o(.data)
    a7                                       0x2000007c   Data           4  ours.o(.data)
    a8                                       0x20000080   Data           4  ours.o(.data)
    a9                                       0x20000084   Data           4  ours.o(.data)
    a10                                      0x20000088   Data           4  ours.o(.data)
    a11                                      0x2000008c   Data           4  ours.o(.data)
    a12                                      0x20000090   Data           4  ours.o(.data)
    a13                                      0x20000094   Data           4  ours.o(.data)
    a14                                      0x20000098   Data           4  ours.o(.data)
    a15                                      0x2000009c   Data           4  ours.o(.data)
    nongdu_val                               0x200000a0   Data           8  ours.o(.data)
    flag_json_rx                             0x200000a8   Data           1  ours.o(.data)
    AHT20_temp                               0x200000ac   Data           4  ours.o(.data)
    AHT20_wet                                0x200000b0   Data           4  ours.o(.data)
    zhi                                      0x200000b4   Data           4  ours.o(.data)
    nongdu                                   0x200000b8   Data           2  ours.o(.data)
    bc_point                                 0x200000ba   Data           2  ours.o(.data)
    bc_point_i                               0x200000bc   Data           2  ours.o(.data)
    adc_ff                                   0x200000c0   Data           4  ours.o(.data)
    IV_signal_Max                            0x200000c4   Data           4  ours.o(.data)
    ND_integral                              0x200000c8   Data           4  ours.o(.data)
    integral                                 0x200000cc   Data           4  ours.o(.data)
    S_wuxishou                               0x200000d0   Data           4  ours.o(.data)
    XOR_VAL                                  0x200000d4   Data           1  ours.o(.data)
    DMA1_MEM_LEN                             0x200000d6   Data           2  dma.o(.data)
    Hp303b_C0                                0x200000d8   Data           4  sensor303.o(.data)
    Hp303b_C1                                0x200000dc   Data           4  sensor303.o(.data)
    Hp303b_C00                               0x200000e0   Data           8  sensor303.o(.data)
    Hp303b_C10                               0x200000e8   Data           8  sensor303.o(.data)
    Hp303b_C01                               0x200000f0   Data           8  sensor303.o(.data)
    Hp303b_C11                               0x200000f8   Data           8  sensor303.o(.data)
    Hp303b_C20                               0x20000100   Data           8  sensor303.o(.data)
    Hp303b_C21                               0x20000108   Data           8  sensor303.o(.data)
    Hp303b_C30                               0x20000110   Data           8  sensor303.o(.data)
    ID                                       0x20000118   Data           4  sensor303.o(.data)
    Hp203bPressures                          0x20000120   Data           8  sensor303.o(.data)
    Hp203bAltitudes                          0x20000128   Data           8  sensor303.o(.data)
    Hp203bTemp                               0x20000130   Data           8  sensor303.o(.data)
    AHT_temp                                 0x20000138   Data           4  sht2x.o(.data)
    AHT_wet                                  0x2000013c   Data           4  sht2x.o(.data)
    lock_wavelength                          0x20000158   Data           1  usart.o(.data)
    __stdout                                 0x2000015c   Data           4  usart.o(.data)
    USART_RX_STA                             0x20000160   Data           2  usart.o(.data)
    tcp_server_sendbuf                       0x20000164   Data           4  usart.o(.data)
    command                                  0x20000168   Data           1  usart.o(.data)
    RX_flag                                  0x20000169   Data           1  usart.o(.data)
    runing_mode                              0x2000016a   Data           1  usart.o(.data)
    __microlib_freelist                      0x20000180   Data           4  mvars.o(.data)
    __microlib_freelist_initialised          0x20000184   Data           4  mvars.o(.data)
    biaoding                                 0x20000190   Data          20  ours.o(.bss)
    ad_val                                   0x200001a4   Data       32000  ours.o(.bss)
    BD_ARRAY                                 0x20007ea8   Data          32  ours.o(.bss)
    DAC_SIN_BUF                              0x20007ec8   Data        2000  ours.o(.bss)
    Parameter_save                           0x20008698   Data          60  ours.o(.bss)
    sanjiao                                  0x200086d4   Data         600  ours.o(.bss)
    AD_sanjiao                               0x2000892c   Data        2000  ours.o(.bss)
    jun                                      0x200090fc   Data        2600  ours.o(.bss)
    send_buf                                 0x20009b24   Data          51  ours.o(.bss)
    DMA_InitStructure                        0x20009b58   Data          44  dma.o(.bss)
    STMFLASH_BUF                             0x20009b84   Data        2048  stmflash.o(.bss)
    USART_RX_BUF                             0x2000a384   Data         200  usart.o(.bss)
    data_to_send                             0x2000a44c   Data         100  usart.o(.bss)
    __heap_base                              0x2000a4b0   Data           0  startup_stm32f10x_hd.o(HEAP)
    __heap_limit                             0x2000b0b0   Data           0  startup_stm32f10x_hd.o(HEAP)
    __initial_sp                             0x2000b4b0   Data           0  startup_stm32f10x_hd.o(STACK)



==============================================================================

Memory Map of the image

  Image Entry point : 0x08000131

  Load Region LR_IROM1 (Base: 0x08000000, Size: 0x00008874, Max: 0x00040000, ABSOLUTE, COMPRESSED[0x00008728])

    Execution Region ER_IROM1 (Exec base: 0x08000000, Load base: 0x08000000, Size: 0x000086e8, Max: 0x00040000, ABSOLUTE)

    Exec Addr    Load Addr    Size         Type   Attr      Idx    E Section Name        Object

    0x08000000   0x08000000   0x00000130   Data   RO         1829    RESET               startup_stm32f10x_hd.o
    0x08000130   0x08000130   0x00000000   Code   RO         3470  * .ARM.Collect$$$$00000000  mc_w.l(entry.o)
    0x08000130   0x08000130   0x00000004   Code   RO         3852    .ARM.Collect$$$$00000001  mc_w.l(entry2.o)
    0x08000134   0x08000134   0x00000004   Code   RO         3855    .ARM.Collect$$$$00000004  mc_w.l(entry5.o)
    0x08000138   0x08000138   0x00000000   Code   RO         3857    .ARM.Collect$$$$00000008  mc_w.l(entry7b.o)
    0x08000138   0x08000138   0x00000000   Code   RO         3859    .ARM.Collect$$$$0000000A  mc_w.l(entry8b.o)
    0x08000138   0x08000138   0x00000008   Code   RO         3860    .ARM.Collect$$$$0000000B  mc_w.l(entry9a.o)
    0x08000140   0x08000140   0x00000000   Code   RO         3862    .ARM.Collect$$$$0000000D  mc_w.l(entry10a.o)
    0x08000140   0x08000140   0x00000000   Code   RO         3864    .ARM.Collect$$$$0000000F  mc_w.l(entry11a.o)
    0x08000140   0x08000140   0x00000004   Code   RO         3853    .ARM.Collect$$$$00002712  mc_w.l(entry2.o)
    0x08000144   0x08000144   0x00000024   Code   RO         1830    .text               startup_stm32f10x_hd.o
    0x08000168   0x08000168   0x0000000c   Code   RO         3473    .text               mc_w.l(tolower.o)
    0x08000174   0x08000174   0x00000024   Code   RO         3475    .text               mc_w.l(memcpya.o)
    0x08000198   0x08000198   0x00000024   Code   RO         3477    .text               mc_w.l(memseta.o)
    0x080001bc   0x080001bc   0x0000000e   Code   RO         3479    .text               mc_w.l(strlen.o)
    0x080001ca   0x080001ca   0x0000001c   Code   RO         3481    .text               mc_w.l(strcmp.o)
    0x080001e6   0x080001e6   0x00000012   Code   RO         3483    .text               mc_w.l(strcpy.o)
    0x080001f8   0x080001f8   0x0000001e   Code   RO         3485    .text               mc_w.l(strncmp.o)
    0x08000216   0x08000216   0x00000002   PAD
    0x08000218   0x08000218   0x00000038   Code   RO         3778    .text               mc_w.l(__0sscanf.o)
    0x08000250   0x08000250   0x00000360   Code   RO         3780    .text               mc_w.l(scanf_fp.o)
    0x080005b0   0x080005b0   0x000000b0   Code   RO         3784    .text               mf_w.l(fadd.o)
    0x08000660   0x08000660   0x00000064   Code   RO         3786    .text               mf_w.l(fmul.o)
    0x080006c4   0x080006c4   0x0000007c   Code   RO         3788    .text               mf_w.l(fdiv.o)
    0x08000740   0x08000740   0x0000014e   Code   RO         3790    .text               mf_w.l(dadd.o)
    0x0800088e   0x0800088e   0x000000e4   Code   RO         3792    .text               mf_w.l(dmul.o)
    0x08000972   0x08000972   0x000000de   Code   RO         3794    .text               mf_w.l(ddiv.o)
    0x08000a50   0x08000a50   0x00000012   Code   RO         3796    .text               mf_w.l(fflti.o)
    0x08000a62   0x08000a62   0x0000000a   Code   RO         3798    .text               mf_w.l(ffltui.o)
    0x08000a6c   0x08000a6c   0x00000022   Code   RO         3800    .text               mf_w.l(dflti.o)
    0x08000a8e   0x08000a8e   0x0000001a   Code   RO         3802    .text               mf_w.l(dfltui.o)
    0x08000aa8   0x08000aa8   0x00000032   Code   RO         3804    .text               mf_w.l(ffixi.o)
    0x08000ada   0x08000ada   0x00000028   Code   RO         3806    .text               mf_w.l(ffixui.o)
    0x08000b02   0x08000b02   0x0000003e   Code   RO         3808    .text               mf_w.l(dfixi.o)
    0x08000b40   0x08000b40   0x00000032   Code   RO         3810    .text               mf_w.l(dfixui.o)
    0x08000b72   0x08000b72   0x00000026   Code   RO         3812    .text               mf_w.l(f2d.o)
    0x08000b98   0x08000b98   0x00000030   Code   RO         3814    .text               mf_w.l(cdcmple.o)
    0x08000bc8   0x08000bc8   0x00000030   Code   RO         3816    .text               mf_w.l(cdrcmple.o)
    0x08000bf8   0x08000bf8   0x00000038   Code   RO         3818    .text               mf_w.l(d2f.o)
    0x08000c30   0x08000c30   0x00000014   Code   RO         3820    .text               mf_w.l(cfcmple.o)
    0x08000c44   0x08000c44   0x00000014   Code   RO         3822    .text               mf_w.l(cfrcmple.o)
    0x08000c58   0x08000c58   0x0000002c   Code   RO         3866    .text               mc_w.l(uidiv.o)
    0x08000c84   0x08000c84   0x00000062   Code   RO         3868    .text               mc_w.l(uldiv.o)
    0x08000ce6   0x08000ce6   0x0000001e   Code   RO         3870    .text               mc_w.l(llshl.o)
    0x08000d04   0x08000d04   0x00000020   Code   RO         3872    .text               mc_w.l(llushr.o)
    0x08000d24   0x08000d24   0x00000024   Code   RO         3874    .text               mc_w.l(llsshr.o)
    0x08000d48   0x08000d48   0x00000028   Code   RO         3885    .text               mc_w.l(scanf_char.o)
    0x08000d70   0x08000d70   0x00000040   Code   RO         3887    .text               mc_w.l(_sgetc.o)
    0x08000db0   0x08000db0   0x0000009c   Code   RO         3889    .text               mc_w.l(strtod.o)
    0x08000e4c   0x08000e4c   0x00000000   Code   RO         3891    .text               mc_w.l(iusefp.o)
    0x08000e4c   0x08000e4c   0x0000006e   Code   RO         3892    .text               mf_w.l(fepilogue.o)
    0x08000eba   0x08000eba   0x000000ba   Code   RO         3894    .text               mf_w.l(depilogue.o)
    0x08000f74   0x08000f74   0x00000018   Code   RO         3896    .text               mf_w.l(dfltul.o)
    0x08000f8c   0x08000f8c   0x00000030   Code   RO         3898    .text               mf_w.l(dfixul.o)
    0x08000fbc   0x08000fbc   0x00000024   Code   RO         3904    .text               mc_w.l(init.o)
    0x08000fe0   0x08000fe0   0x0000000a   Code   RO         3906    .text               mc_w.l(isspace_c.o)
    0x08000fea   0x08000fea   0x00000002   PAD
    0x08000fec   0x08000fec   0x0000032c   Code   RO         3908    .text               mc_w.l(_scanf.o)
    0x08001318   0x08001318   0x0000002e   Code   RO         3910    .text               mf_w.l(dscalb.o)
    0x08001346   0x08001346   0x00000002   PAD
    0x08001348   0x08001348   0x00000028   Code   RO         3912    .text               mc_w.l(ctype_c.o)
    0x08001370   0x08001370   0x0000003a   Code   RO         3923    .text               mc_w.l(__dczerorl.o)
    0x080013aa   0x080013aa   0x00000002   PAD
    0x080013ac   0x080013ac   0x00000094   Code   RO          419    i.ADC1_DMA1_Config  dma.o
    0x08001440   0x08001440   0x00000016   Code   RO         3068    i.ADC_Cmd           stm32f10x_adc.o
    0x08001456   0x08001456   0x00000016   Code   RO         3069    i.ADC_DMACmd        stm32f10x_adc.o
    0x0800146c   0x0800146c   0x00000016   Code   RO         3073    i.ADC_ExternalTrigConvCmd  stm32f10x_adc.o
    0x08001482   0x08001482   0x00000014   Code   RO         3076    i.ADC_GetCalibrationStatus  stm32f10x_adc.o
    0x08001496   0x08001496   0x00000014   Code   RO         3082    i.ADC_GetResetCalibrationStatus  stm32f10x_adc.o
    0x080014aa   0x080014aa   0x00000002   PAD
    0x080014ac   0x080014ac   0x00000050   Code   RO         3086    i.ADC_Init          stm32f10x_adc.o
    0x080014fc   0x080014fc   0x000000b8   Code   RO         3090    i.ADC_RegularChannelConfig  stm32f10x_adc.o
    0x080015b4   0x080015b4   0x0000000a   Code   RO         3091    i.ADC_ResetCalibration  stm32f10x_adc.o
    0x080015be   0x080015be   0x00000016   Code   RO         3093    i.ADC_SoftwareStartConvCmd  stm32f10x_adc.o
    0x080015d4   0x080015d4   0x0000000a   Code   RO         3095    i.ADC_StartCalibration  stm32f10x_adc.o
    0x080015de   0x080015de   0x0000000c   Code   RO          708    i.AHT20_Clock_Init  sht2x.o
    0x080015ea   0x080015ea   0x0000002c   Code   RO          709    i.AHT20_I2C_Start   sht2x.o
    0x08001616   0x08001616   0x00000074   Code   RO          710    i.AHT20_Init        sht2x.o
    0x0800168a   0x0800168a   0x00000002   PAD
    0x0800168c   0x0800168c   0x00000054   Code   RO          711    i.AHT20_RD_Byte     sht2x.o
    0x080016e0   0x080016e0   0x000001a4   Code   RO          713    i.AHT20_Read_CTdata_crc  sht2x.o
    0x08001884   0x08001884   0x00000022   Code   RO          715    i.AHT20_Read_Status  sht2x.o
    0x080018a6   0x080018a6   0x00000034   Code   RO          716    i.AHT20_SendAC      sht2x.o
    0x080018da   0x080018da   0x00000052   Code   RO          718    i.AHT20_WR_Byte     sht2x.o
    0x0800192c   0x0800192c   0x00000104   Code   RO          513    i.Adc_Init          adc.o
    0x08001a30   0x08001a30   0x00000168   Code   RO          288    i.BIAODING_H        ours.o
    0x08001b98   0x08001b98   0x000000e0   Code   RO          289    i.BIAODING_L        ours.o
    0x08001c78   0x08001c78   0x00000004   Code   RO          165    i.BusFault_Handler  stm32f10x_it.o
    0x08001c7c   0x08001c7c   0x0000003a   Code   RO          719    i.Calc_CRC8         sht2x.o
    0x08001cb6   0x08001cb6   0x00000002   PAD
    0x08001cb8   0x08001cb8   0x0000005c   Code   RO          464    i.DAC2_Config       dac.o
    0x08001d14   0x08001d14   0x00000028   Code   RO         2436    i.DAC_Cmd           stm32f10x_dac.o
    0x08001d3c   0x08001d3c   0x0000008c   Code   RO          420    i.DAC_DMA_Config    dma.o
    0x08001dc8   0x08001dc8   0x00000034   Code   RO         2441    i.DAC_Init          stm32f10x_dac.o
    0x08001dfc   0x08001dfc   0x00000020   Code   RO         2442    i.DAC_SetChannel1Data  stm32f10x_dac.o
    0x08001e1c   0x08001e1c   0x00000020   Code   RO         2443    i.DAC_SetChannel2Data  stm32f10x_dac.o
    0x08001e3c   0x08001e3c   0x00000028   Code   RO          421    i.DMA1_Channel1_IRQHandler  dma.o
    0x08001e64   0x08001e64   0x00000044   Code   RO          422    i.DMA1_Channel3_IRQHandler  dma.o
    0x08001ea8   0x08001ea8   0x0000001c   Code   RO         1871    i.DMA_ClearITPendingBit  stm32f10x_dma.o
    0x08001ec4   0x08001ec4   0x00000018   Code   RO         1872    i.DMA_Cmd           stm32f10x_dma.o
    0x08001edc   0x08001edc   0x0000014c   Code   RO         1873    i.DMA_DeInit        stm32f10x_dma.o
    0x08002028   0x08002028   0x0000002c   Code   RO         1875    i.DMA_GetFlagStatus  stm32f10x_dma.o
    0x08002054   0x08002054   0x00000012   Code   RO         1877    i.DMA_ITConfig      stm32f10x_dma.o
    0x08002066   0x08002066   0x0000003c   Code   RO         1878    i.DMA_Init          stm32f10x_dma.o
    0x080020a2   0x080020a2   0x00000004   Code   RO         1879    i.DMA_SetCurrDataCounter  stm32f10x_dma.o
    0x080020a6   0x080020a6   0x00000002   PAD
    0x080020a8   0x080020a8   0x00000064   Code   RO          465    i.Dac1_Init         dac.o
    0x0800210c   0x0800210c   0x00000024   Code   RO          467    i.Dac2_Set_Vol      dac.o
    0x08002130   0x08002130   0x00000002   Code   RO          166    i.DebugMon_Handler  stm32f10x_it.o
    0x08002132   0x08002132   0x00000018   Code   RO          720    i.Delay_1ms         sht2x.o
    0x0800214a   0x0800214a   0x0000001c   Code   RO          721    i.Delay_4us         sht2x.o
    0x08002166   0x08002166   0x00000022   Code   RO          722    i.Delay_5us         sht2x.o
    0x08002188   0x08002188   0x00000018   Code   RO          723    i.Delay_N10us       sht2x.o
    0x080021a0   0x080021a0   0x0000004c   Code   RO         3289    i.FLASH_ErasePage   stm32f10x_flash.o
    0x080021ec   0x080021ec   0x00000034   Code   RO         3290    i.FLASH_GetBank1Status  stm32f10x_flash.o
    0x08002220   0x08002220   0x00000014   Code   RO         3299    i.FLASH_Lock        stm32f10x_flash.o
    0x08002234   0x08002234   0x00000040   Code   RO         3302    i.FLASH_ProgramHalfWord  stm32f10x_flash.o
    0x08002274   0x08002274   0x00000018   Code   RO         3307    i.FLASH_Unlock      stm32f10x_flash.o
    0x0800228c   0x0800228c   0x00000026   Code   RO         3311    i.FLASH_WaitForLastOperation  stm32f10x_flash.o
    0x080022b2   0x080022b2   0x00000116   Code   RO         1948    i.GPIO_Init         stm32f10x_gpio.o
    0x080023c8   0x080023c8   0x00000012   Code   RO         1952    i.GPIO_ReadInputDataBit  stm32f10x_gpio.o
    0x080023da   0x080023da   0x00000004   Code   RO         1955    i.GPIO_ResetBits    stm32f10x_gpio.o
    0x080023de   0x080023de   0x00000004   Code   RO         1956    i.GPIO_SetBits      stm32f10x_gpio.o
    0x080023e2   0x080023e2   0x0000001c   Code   RO          627    i.HAL_Delay         sensor303.o
    0x080023fe   0x080023fe   0x00000022   Code   RO          628    i.HP203B_Get_Data_Press_Temp_Altitude  sensor303.o
    0x08002420   0x08002420   0x00000012   Code   RO          629    i.HP203_relocation  sensor303.o
    0x08002432   0x08002432   0x00000050   Code   RO          591    i.HP303B_IIC_Read   sensor.o
    0x08002482   0x08002482   0x00000036   Code   RO          592    i.HP303B_IIC_Write  sensor.o
    0x080024b8   0x080024b8   0x00000018   Code   RO          593    i.HP303B_IIC_WriteSingle  sensor.o
    0x080024d0   0x080024d0   0x00000028   Code   RO          594    i.HP303B_bIICBurstRead  sensor.o
    0x080024f8   0x080024f8   0x0000003e   Code   RO          595    i.HP303B_bIICBurstWrite  sensor.o
    0x08002536   0x08002536   0x00000004   Code   RO          167    i.HardFault_Handler  stm32f10x_it.o
    0x0800253a   0x0800253a   0x00000002   PAD
    0x0800253c   0x0800253c   0x000000e4   Code   RO          630    i.Hp203bReadPressureTemperature  sensor303.o
    0x08002620   0x08002620   0x00000148   Code   RO          631    i.Hp203b_read_id    sensor303.o
    0x08002768   0x08002768   0x00000008   Code   RO         1526    i.I2C1_init         mcp4017.o
    0x08002770   0x08002770   0x0000001a   Code   RO          525    i.I2C_Delay         bsp_i2c_gpio.o
    0x0800278a   0x0800278a   0x00000002   PAD
    0x0800278c   0x0800278c   0x00000050   Code   RO          526    i.I2C_GetAck        bsp_i2c_gpio.o
    0x080027dc   0x080027dc   0x00000050   Code   RO          527    i.I2C_PutAck        bsp_i2c_gpio.o
    0x0800282c   0x0800282c   0x00000060   Code   RO          528    i.I2C_ReadByte      bsp_i2c_gpio.o
    0x0800288c   0x0800288c   0x00000020   Code   RO          529    i.I2C_SDA_SetInput  bsp_i2c_gpio.o
    0x080028ac   0x080028ac   0x00000024   Code   RO          530    i.I2C_SDA_SetOutput  bsp_i2c_gpio.o
    0x080028d0   0x080028d0   0x00000040   Code   RO          531    i.I2C_Start         bsp_i2c_gpio.o
    0x08002910   0x08002910   0x00000034   Code   RO          532    i.I2C_Stop          bsp_i2c_gpio.o
    0x08002944   0x08002944   0x00000068   Code   RO          533    i.I2C_WriteByte     bsp_i2c_gpio.o
    0x080029ac   0x080029ac   0x00000050   Code   RO         1527    i.IIC1_Ack          mcp4017.o
    0x080029fc   0x080029fc   0x00000040   Code   RO         1528    i.IIC1_Init         mcp4017.o
    0x08002a3c   0x08002a3c   0x00000050   Code   RO         1529    i.IIC1_NAck         mcp4017.o
    0x08002a8c   0x08002a8c   0x00000070   Code   RO         1530    i.IIC1_Read_Byte    mcp4017.o
    0x08002afc   0x08002afc   0x00000068   Code   RO         1531    i.IIC1_Send_Byte    mcp4017.o
    0x08002b64   0x08002b64   0x0000004c   Code   RO         1532    i.IIC1_Start        mcp4017.o
    0x08002bb0   0x08002bb0   0x0000004c   Code   RO         1533    i.IIC1_Stop         mcp4017.o
    0x08002bfc   0x08002bfc   0x00000064   Code   RO         1534    i.IIC1_Wait_Ack     mcp4017.o
    0x08002c60   0x08002c60   0x0000007c   Code   RO          888    i.IO_Init           led.o
    0x08002cdc   0x08002cdc   0x00000050   Code   RO          724    i.Init_I2C_Sensor_Port  sht2x.o
    0x08002d2c   0x08002d2c   0x000000f8   Code   RO         1720    i.JSON_REPLY_BD_ARRAY_TEM  usart.o
    0x08002e24   0x08002e24   0x0000013c   Code   RO         1721    i.JSON_REPLY_DATA_TEM  usart.o
    0x08002f60   0x08002f60   0x00000020   Code   RO         1722    i.JSON_REPLY_WRITE_OK  usart.o
    0x08002f80   0x08002f80   0x00000020   Code   RO         1535    i.MCP4017_Read_IV   mcp4017.o
    0x08002fa0   0x08002fa0   0x00000022   Code   RO         1536    i.MCP4017_Write_IV  mcp4017.o
    0x08002fc2   0x08002fc2   0x00000002   PAD
    0x08002fc4   0x08002fc4   0x00000024   Code   RO          423    i.MYDMA_Enable      dma.o
    0x08002fe8   0x08002fe8   0x00000004   Code   RO          168    i.MemManage_Handler  stm32f10x_it.o
    0x08002fec   0x08002fec   0x00000002   Code   RO          169    i.NMI_Handler       stm32f10x_it.o
    0x08002fee   0x08002fee   0x00000002   PAD
    0x08002ff0   0x08002ff0   0x00000070   Code   RO         1834    i.NVIC_Init         misc.o
    0x08003060   0x08003060   0x00000014   Code   RO         1835    i.NVIC_PriorityGroupConfig  misc.o
    0x08003074   0x08003074   0x000000b8   Code   RO          291    i.PID_point         ours.o
    0x0800312c   0x0800312c   0x000002f4   Code   RO          292    i.Parameter_read    ours.o
    0x08003420   0x08003420   0x000001a4   Code   RO          293    i.Parameter_saving  ours.o
    0x080035c4   0x080035c4   0x00000002   Code   RO          170    i.PendSV_Handler    stm32f10x_it.o
    0x080035c6   0x080035c6   0x00000002   PAD
    0x080035c8   0x080035c8   0x00000018   Code   RO         2236    i.RCC_ADCCLKConfig  stm32f10x_rcc.o
    0x080035e0   0x080035e0   0x00000020   Code   RO         2237    i.RCC_AHBPeriphClockCmd  stm32f10x_rcc.o
    0x08003600   0x08003600   0x00000020   Code   RO         2238    i.RCC_APB1PeriphClockCmd  stm32f10x_rcc.o
    0x08003620   0x08003620   0x00000020   Code   RO         2240    i.RCC_APB2PeriphClockCmd  stm32f10x_rcc.o
    0x08003640   0x08003640   0x0000005c   Code   RO          294    i.RCC_Configuration  ours.o
    0x0800369c   0x0800369c   0x0000004c   Code   RO         2247    i.RCC_DeInit        stm32f10x_rcc.o
    0x080036e8   0x080036e8   0x000000d4   Code   RO         2248    i.RCC_GetClocksFreq  stm32f10x_rcc.o
    0x080037bc   0x080037bc   0x0000003c   Code   RO         2249    i.RCC_GetFlagStatus  stm32f10x_rcc.o
    0x080037f8   0x080037f8   0x00000010   Code   RO         2251    i.RCC_GetSYSCLKSource  stm32f10x_rcc.o
    0x08003808   0x08003808   0x00000018   Code   RO         2252    i.RCC_HCLKConfig    stm32f10x_rcc.o
    0x08003820   0x08003820   0x0000004c   Code   RO         2253    i.RCC_HSEConfig     stm32f10x_rcc.o
    0x0800386c   0x0800386c   0x00000018   Code   RO         2259    i.RCC_PCLK1Config   stm32f10x_rcc.o
    0x08003884   0x08003884   0x00000018   Code   RO         2260    i.RCC_PCLK2Config   stm32f10x_rcc.o
    0x0800389c   0x0800389c   0x0000000c   Code   RO         2261    i.RCC_PLLCmd        stm32f10x_rcc.o
    0x080038a8   0x080038a8   0x0000001c   Code   RO         2262    i.RCC_PLLConfig     stm32f10x_rcc.o
    0x080038c4   0x080038c4   0x00000018   Code   RO         2265    i.RCC_SYSCLKConfig  stm32f10x_rcc.o
    0x080038dc   0x080038dc   0x00000038   Code   RO         2267    i.RCC_WaitForHSEStartUp  stm32f10x_rcc.o
    0x08003914   0x08003914   0x0000004c   Code   RO          726    i.Receive_ACK       sht2x.o
    0x08003960   0x08003960   0x00000010   Code   RO          727    i.SCL_Pin_Output_High  sht2x.o
    0x08003970   0x08003970   0x00000010   Code   RO          728    i.SCL_Pin_Output_Low  sht2x.o
    0x08003980   0x08003980   0x00000024   Code   RO          729    i.SDA_Pin_IN_FLOATING  sht2x.o
    0x080039a4   0x080039a4   0x0000002c   Code   RO          730    i.SDA_Pin_Output_High  sht2x.o
    0x080039d0   0x080039d0   0x0000002c   Code   RO          731    i.SDA_Pin_Output_Low  sht2x.o
    0x080039fc   0x080039fc   0x00000022   Code   RO          669    i.STMFLASH_Read     stmflash.o
    0x08003a1e   0x08003a1e   0x00000006   Code   RO          670    i.STMFLASH_ReadHalfWord  stmflash.o
    0x08003a24   0x08003a24   0x000000e8   Code   RO          671    i.STMFLASH_Write    stmflash.o
    0x08003b0c   0x08003b0c   0x00000026   Code   RO          672    i.STMFLASH_Write_NoCheck  stmflash.o
    0x08003b32   0x08003b32   0x00000002   Code   RO          171    i.SVC_Handler       stm32f10x_it.o
    0x08003b34   0x08003b34   0x00000044   Code   RO          295    i.Saw_Generation_init  ours.o
    0x08003b78   0x08003b78   0x00000036   Code   RO          732    i.Send_ACK          sht2x.o
    0x08003bae   0x08003bae   0x00000036   Code   RO          733    i.Send_NOT_ACK      sht2x.o
    0x08003be4   0x08003be4   0x00000016   Code   RO          734    i.SensorDelay_us    sht2x.o
    0x08003bfa   0x08003bfa   0x00000002   PAD
    0x08003bfc   0x08003bfc   0x00000038   Code   RO          534    i.Sensor_I2C_Init   bsp_i2c_gpio.o
    0x08003c34   0x08003c34   0x00000008   Code   RO          254    i.SetSysClock       system_stm32f10x.o
    0x08003c3c   0x08003c3c   0x000000e0   Code   RO          255    i.SetSysClockTo72   system_stm32f10x.o
    0x08003d1c   0x08003d1c   0x00000022   Code   RO          735    i.Stop_I2C          sht2x.o
    0x08003d3e   0x08003d3e   0x00000028   Code   RO         1838    i.SysTick_CLKSourceConfig  misc.o
    0x08003d66   0x08003d66   0x00000002   Code   RO          172    i.SysTick_Handler   stm32f10x_it.o
    0x08003d68   0x08003d68   0x00000060   Code   RO          257    i.SystemInit        system_stm32f10x.o
    0x08003dc8   0x08003dc8   0x00000050   Code   RO          296    i.TEM_math          ours.o
    0x08003e18   0x08003e18   0x00000038   Code   RO          495    i.TIM3_Int_Init     timer.o
    0x08003e50   0x08003e50   0x00000018   Code   RO         2530    i.TIM_Cmd           stm32f10x_tim.o
    0x08003e68   0x08003e68   0x000000a4   Code   RO         2601    i.TIM_TimeBaseInit  stm32f10x_tim.o
    0x08003f0c   0x08003f0c   0x00000418   Code   RO         1723    i.USART1_IRQHandler  usart.o
    0x08004324   0x08004324   0x00000018   Code   RO         2060    i.USART_Cmd         stm32f10x_usart.o
    0x0800433c   0x0800433c   0x0000001a   Code   RO         2063    i.USART_GetFlagStatus  stm32f10x_usart.o
    0x08004356   0x08004356   0x00000054   Code   RO         2064    i.USART_GetITStatus  stm32f10x_usart.o
    0x080043aa   0x080043aa   0x0000004a   Code   RO         2066    i.USART_ITConfig    stm32f10x_usart.o
    0x080043f4   0x080043f4   0x000000d8   Code   RO         2067    i.USART_Init        stm32f10x_usart.o
    0x080044cc   0x080044cc   0x0000000a   Code   RO         2074    i.USART_ReceiveData  stm32f10x_usart.o
    0x080044d6   0x080044d6   0x00000008   Code   RO         2077    i.USART_SendData    stm32f10x_usart.o
    0x080044de   0x080044de   0x00000004   Code   RO          173    i.UsageFault_Handler  stm32f10x_it.o
    0x080044e2   0x080044e2   0x00000022   Code   RO          297    i.XOR_check         ours.o
    0x08004504   0x08004504   0x00000020   Code   RO         3722    i.__0printf         mc_w.l(printfa.o)
    0x08004524   0x08004524   0x00000028   Code   RO         3724    i.__0sprintf        mc_w.l(printfa.o)
    0x0800454c   0x0800454c   0x00000028   Code   RO         3900    i.__ARM_fpclassify  m_ws.l(fpclassify.o)
    0x08004574   0x08004574   0x0000005c   Code   RO         3754    i.__free$realloc    mc_w.l(mallocr.o)
    0x080045d0   0x080045d0   0x00000388   Code   RO         3841    i.__ieee754_rem_pio2  m_ws.l(rred.o)
    0x08004958   0x08004958   0x000000fc   Code   RO         3824    i.__kernel_cos      m_ws.l(cos_i.o)
    0x08004a54   0x08004a54   0x000000aa   Code   RO         3902    i.__kernel_poly     m_ws.l(poly.o)
    0x08004afe   0x08004afe   0x00000002   PAD
    0x08004b00   0x08004b00   0x000000ec   Code   RO         3846    i.__kernel_sin      m_ws.l(sin_i.o)
    0x08004bec   0x08004bec   0x00000050   Code   RO         3755    i.__malloc$realloc  mc_w.l(mallocr.o)
    0x08004c3c   0x08004c3c   0x00000006   Code   RO         3828    i.__mathlib_dbl_infnan  m_ws.l(dunder.o)
    0x08004c42   0x08004c42   0x0000000c   Code   RO         3830    i.__mathlib_dbl_invalid  m_ws.l(dunder.o)
    0x08004c4e   0x08004c4e   0x00000002   PAD
    0x08004c50   0x08004c50   0x00000010   Code   RO         3833    i.__mathlib_dbl_underflow  m_ws.l(dunder.o)
    0x08004c60   0x08004c60   0x0000000e   Code   RO         3917    i.__scatterload_copy  mc_w.l(handlers.o)
    0x08004c6e   0x08004c6e   0x00000002   Code   RO         3918    i.__scatterload_null  mc_w.l(handlers.o)
    0x08004c70   0x08004c70   0x0000000e   Code   RO         3919    i.__scatterload_zeroinit  mc_w.l(handlers.o)
    0x08004c7e   0x08004c7e   0x00000002   PAD
    0x08004c80   0x08004c80   0x0000000c   Code   RO         3880    i.__set_errno       mc_w.l(errno.o)
    0x08004c8c   0x08004c8c   0x00000184   Code   RO         3729    i._fp_digits        mc_w.l(printfa.o)
    0x08004e10   0x08004e10   0x0000000e   Code   RO         3782    i._is_digit         mc_w.l(scanf_fp.o)
    0x08004e1e   0x08004e1e   0x00000002   PAD
    0x08004e20   0x08004e20   0x000006dc   Code   RO         3730    i._printf_core      mc_w.l(printfa.o)
    0x080054fc   0x080054fc   0x00000024   Code   RO         3731    i._printf_post_padding  mc_w.l(printfa.o)
    0x08005520   0x08005520   0x0000002e   Code   RO         3732    i._printf_pre_padding  mc_w.l(printfa.o)
    0x0800554e   0x0800554e   0x0000000a   Code   RO         3734    i._sputc            mc_w.l(printfa.o)
    0x08005558   0x08005558   0x00000748   Code   RO          298    i.ad_math           ours.o
    0x08005ca0   0x08005ca0   0x0000002e   Code   RO          900    i.add_item_to_array  cjson.o
    0x08005cce   0x08005cce   0x00000076   Code   RO          901    i.add_item_to_object  cjson.o
    0x08005d44   0x08005d44   0x0000003a   Code   RO          902    i.buffer_skip_whitespace  cjson.o
    0x08005d7e   0x08005d7e   0x00000010   Code   RO          908    i.cJSON_AddItemToArray  cjson.o
    0x08005d8e   0x08005d8e   0x00000002   PAD
    0x08005d90   0x08005d90   0x00000020   Code   RO          909    i.cJSON_AddItemToObject  cjson.o
    0x08005db0   0x08005db0   0x00000018   Code   RO          918    i.cJSON_CreateArray  cjson.o
    0x08005dc8   0x08005dc8   0x00000064   Code   RO          926    i.cJSON_CreateNumber  cjson.o
    0x08005e2c   0x08005e2c   0x00000018   Code   RO          927    i.cJSON_CreateObject  cjson.o
    0x08005e44   0x08005e44   0x00000058   Code   RO          934    i.cJSON_Delete      cjson.o
    0x08005e9c   0x08005e9c   0x00000018   Code   RO          943    i.cJSON_GetArrayItem  cjson.o
    0x08005eb4   0x08005eb4   0x00000012   Code   RO          946    i.cJSON_GetObjectItem  cjson.o
    0x08005ec6   0x08005ec6   0x00000012   Code   RO          947    i.cJSON_GetObjectItemCaseSensitive  cjson.o
    0x08005ed8   0x08005ed8   0x0000001a   Code   RO          963    i.cJSON_New_Item    cjson.o
    0x08005ef2   0x08005ef2   0x00000010   Code   RO          964    i.cJSON_Parse       cjson.o
    0x08005f02   0x08005f02   0x00000002   PAD
    0x08005f04   0x08005f04   0x000000d4   Code   RO          965    i.cJSON_ParseWithOpts  cjson.o
    0x08005fd8   0x08005fd8   0x00000014   Code   RO          969    i.cJSON_PrintUnformatted  cjson.o
    0x08005fec   0x08005fec   0x00000038   Code   RO          978    i.cJSON_strdup      cjson.o
    0x08006024   0x08006024   0x00000048   Code   RO          979    i.case_insensitive_strcmp  cjson.o
    0x0800606c   0x0800606c   0x00000002   Code   RO          980    i.cast_away_const   cjson.o
    0x0800606e   0x0800606e   0x00000002   PAD
    0x08006070   0x08006070   0x000004b0   Code   RO         1725    i.complay_command   usart.o
    0x08006520   0x08006520   0x0000074c   Code   RO          299    i.data_send         ours.o
    0x08006c6c   0x08006c6c   0x00000018   Code   RO         1664    i.delay_init        delay.o
    0x08006c84   0x08006c84   0x0000001a   Code   RO         1665    i.delay_ms          delay.o
    0x08006c9e   0x08006c9e   0x00000002   PAD
    0x08006ca0   0x08006ca0   0x0000004c   Code   RO         1666    i.delay_us          delay.o
    0x08006cec   0x08006cec   0x000000ba   Code   RO          982    i.ensure            cjson.o
    0x08006da6   0x08006da6   0x00000002   PAD
    0x08006da8   0x08006da8   0x0000001c   Code   RO         1726    i.fputc             usart.o
    0x08006dc4   0x08006dc4   0x0000001e   Code   RO          983    i.get_array_item    cjson.o
    0x08006de2   0x08006de2   0x00000004   Code   RO          984    i.get_decimal_point  cjson.o
    0x08006de6   0x08006de6   0x00000044   Code   RO          985    i.get_object_item   cjson.o
    0x08006e2a   0x08006e2a   0x000000ca   Code   RO          300    i.hex_to_doc        ours.o
    0x08006ef4   0x08006ef4   0x00000050   Code   RO         3756    i.internal_alloc    mc_w.l(mallocr.o)
    0x08006f44   0x08006f44   0x00000308   Code   RO            1    i.main              main.o
    0x0800724c   0x0800724c   0x00000016   Code   RO          301    i.num_to_res        ours.o
    0x08007262   0x08007262   0x000000f4   Code   RO          986    i.parse_array       cjson.o
    0x08007356   0x08007356   0x0000005a   Code   RO          987    i.parse_hex4        cjson.o
    0x080073b0   0x080073b0   0x00000138   Code   RO          988    i.parse_number      cjson.o
    0x080074e8   0x080074e8   0x0000013a   Code   RO          989    i.parse_object      cjson.o
    0x08007622   0x08007622   0x0000018c   Code   RO          990    i.parse_string      cjson.o
    0x080077ae   0x080077ae   0x00000002   PAD
    0x080077b0   0x080077b0   0x0000013c   Code   RO          991    i.parse_value       cjson.o
    0x080078ec   0x080078ec   0x000000b0   Code   RO          992    i.print             cjson.o
    0x0800799c   0x0800799c   0x000000b2   Code   RO          993    i.print_array       cjson.o
    0x08007a4e   0x08007a4e   0x00000002   PAD
    0x08007a50   0x08007a50   0x000000f4   Code   RO          994    i.print_number      cjson.o
    0x08007b44   0x08007b44   0x00000174   Code   RO          995    i.print_object      cjson.o
    0x08007cb8   0x08007cb8   0x00000010   Code   RO          996    i.print_string      cjson.o
    0x08007cc8   0x08007cc8   0x00000174   Code   RO          997    i.print_string_ptr  cjson.o
    0x08007e3c   0x08007e3c   0x00000104   Code   RO          998    i.print_value       cjson.o
    0x08007f40   0x08007f40   0x0000006c   Code   RO         3757    i.realloc           mc_w.l(mallocr.o)
    0x08007fac   0x08007fac   0x00000050   Code   RO          302    i.saw_Generation    ours.o
    0x08007ffc   0x08007ffc   0x000000a0   Code   RO         3459    i.sin               m_ws.l(sin.o)
    0x0800809c   0x0800809c   0x0000003c   Code   RO         1000    i.skip_utf8_bom     cjson.o
    0x080080d8   0x080080d8   0x00000024   Code   RO         1727    i.string_pipei      usart.o
    0x080080fc   0x080080fc   0x0000001c   Code   RO         3467    i.strtod            m_ws.l(strtod.o)
    0x08008118   0x08008118   0x00000006   Code   RO         1001    i.suffix_object     cjson.o
    0x0800811e   0x0800811e   0x00000002   PAD
    0x08008120   0x08008120   0x00000040   Code   RO          303    i.syetem_init       ours.o
    0x08008160   0x08008160   0x000000ac   Code   RO          304    i.sys_int           ours.o
    0x0800820c   0x0800820c   0x0000016c   Code   RO          305    i.tem_buchang       ours.o
    0x08008378   0x08008378   0x000000a0   Code   RO         1728    i.uart_init         usart.o
    0x08008418   0x08008418   0x00000024   Code   RO         1002    i.update_offset     cjson.o
    0x0800843c   0x0800843c   0x0000012c   Code   RO         1003    i.utf16_literal_to_utf8  cjson.o
    0x08008568   0x08008568   0x00000030   Data   RO         3825    .constdata          m_ws.l(cos_i.o)
    0x08008598   0x08008598   0x000000c8   Data   RO         3843    .constdata          m_ws.l(rred.o)
    0x08008660   0x08008660   0x00000028   Data   RO         3847    .constdata          m_ws.l(sin_i.o)
    0x08008688   0x08008688   0x00000040   Data   RO         3913    .constdata          mc_w.l(ctype_c.o)
    0x080086c8   0x080086c8   0x00000020   Data   RO         3915    Region$$Table       anon$$obj.o


    Execution Region RW_IRAM1 (Exec base: 0x20000000, Load base: 0x080086e8, Size: 0x0000b4b0, Max: 0x0000c000, ABSOLUTE, COMPRESSED[0x00000040])

    Exec Addr    Load Addr    Size         Type   Attr      Idx    E Section Name        Object

    0x20000000   COMPRESSED   0x0000001a   Data   RW            3    .data               main.o
    0x2000001a   COMPRESSED   0x00000006   PAD
    0x20000020   COMPRESSED   0x000000b6   Data   RW          308    .data               ours.o
    0x200000d6   COMPRESSED   0x00000002   Data   RW          425    .data               dma.o
    0x200000d8   COMPRESSED   0x00000060   Data   RW          632    .data               sensor303.o
    0x20000138   COMPRESSED   0x00000008   Data   RW          736    .data               sht2x.o
    0x20000140   COMPRESSED   0x00000014   Data   RW         1005    .data               cjson.o
    0x20000154   COMPRESSED   0x00000001   Data   RW         1667    .data               delay.o
    0x20000155   COMPRESSED   0x00000003   PAD
    0x20000158   COMPRESSED   0x00000013   Data   RW         1730    .data               usart.o
    0x2000016b   COMPRESSED   0x00000014   Data   RW         2268    .data               stm32f10x_rcc.o
    0x2000017f   COMPRESSED   0x00000001   PAD
    0x20000180   COMPRESSED   0x00000004   Data   RW         3876    .data               mc_w.l(mvars.o)
    0x20000184   COMPRESSED   0x00000004   Data   RW         3877    .data               mc_w.l(mvars.o)
    0x20000188   COMPRESSED   0x00000004   Data   RW         3881    .data               mc_w.l(errno.o)
    0x2000018c   COMPRESSED   0x00000004   PAD
    0x20000190        -       0x000099c7   Zero   RW          306    .bss                ours.o
    0x20009b57   COMPRESSED   0x00000001   PAD
    0x20009b58        -       0x0000002c   Zero   RW          424    .bss                dma.o
    0x20009b84        -       0x00000800   Zero   RW          674    .bss                stmflash.o
    0x2000a384        -       0x0000012c   Zero   RW         1729    .bss                usart.o
    0x2000a4b0        -       0x00000c00   Zero   RW         1828    HEAP                startup_stm32f10x_hd.o
    0x2000b0b0        -       0x00000400   Zero   RW         1827    STACK               startup_stm32f10x_hd.o


==============================================================================

Image component sizes


      Code (inc. data)   RO Data    RW Data    ZI Data      Debug   Object Name

       260         18          0          0          0        691   adc.o
       626         44          0          0          0       5601   bsp_i2c_gpio.o
      4950        166          0         20          0      33931   cjson.o
       228         18          0          0          0       1761   dac.o
       126         10          0          1          0       1799   delay.o
       432         56          0          2         44       3863   dma.o
       124         18          0          0          0        542   led.o
       776        132          0         26          0     285146   main.o
       766        110          0          0          0       6099   mcp4017.o
       172         22          0          0          0       2145   misc.o
      6854        866          0        182      39367      15732   ours.o
       260          0          0          0          0       4149   sensor.o
       636          6          0         96          0       4867   sensor303.o
      1488         66          0          8          0      14113   sht2x.o
        36          8        304          0       4096        800   startup_stm32f10x_hd.o
       412         10          0          0          0       8207   stm32f10x_adc.o
       156         24          0          0          0       3113   stm32f10x_dac.o
       510         26          0          0          0       5886   stm32f10x_dma.o
       274         30          0          0          0       3558   stm32f10x_flash.o
       304          0          0          0          0       3768   stm32f10x_gpio.o
        26          0          0          0          0       3902   stm32f10x_it.o
       752        104          0         20          0      12029   stm32f10x_rcc.o
       188         42          0          0          0       1805   stm32f10x_tim.o
       442          6          0          0          0       6341   stm32f10x_usart.o
       310         10          0          0       2048       3701   stmflash.o
         0          0          0          0          0         32   sys.o
       328         28          0          0          0       1889   system_stm32f10x.o
        56          6          0          0          0        632   timer.o
      3068        442          0         19        300      26826   usart.o

    ----------------------------------------------------------------------
     24596       2268        336        384      45856     462928   Object Totals
         0          0         32          0          0          0   (incl. Generated)
        36          0          0         10          1          0   (incl. Padding)

    ----------------------------------------------------------------------

      Code (inc. data)   RO Data    RW Data    ZI Data      Debug   Library Member Name

       252         22         48          0          0        124   cos_i.o
        34          6          0          0          0        204   dunder.o
        40          0          0          0          0         68   fpclassify.o
       170          0          0          0          0         96   poly.o
       904         76        200          0          0        140   rred.o
       160         10          0          0          0        108   sin.o
       236         12         40          0          0        128   sin_i.o
        28          0          0          0          0         80   strtod.o
        56          8          0          0          0         84   __0sscanf.o
        58          0          0          0          0          0   __dczerorl.o
       812          4          0          0          0        112   _scanf.o
        64          0          0          0          0         84   _sgetc.o
        40          6         64          0          0         68   ctype_c.o
         0          0          0          0          0          0   entry.o
         0          0          0          0          0          0   entry10a.o
         0          0          0          0          0          0   entry11a.o
         8          4          0          0          0          0   entry2.o
         4          0          0          0          0          0   entry5.o
         0          0          0          0          0          0   entry7b.o
         0          0          0          0          0          0   entry8b.o
         8          4          0          0          0          0   entry9a.o
        12          6          0          4          0         68   errno.o
        30          0          0          0          0          0   handlers.o
        36          8          0          0          0         68   init.o
        10          0          0          0          0         68   isspace_c.o
         0          0          0          0          0          0   iusefp.o
        30          0          0          0          0         68   llshl.o
        36          0          0          0          0         68   llsshr.o
        32          0          0          0          0         68   llushr.o
       360         30          0          0          0        356   mallocr.o
        36          0          0          0          0         68   memcpya.o
        36          0          0          0          0        108   memseta.o
         0          0          0          8          0          0   mvars.o
      2308         96          0          0          0        604   printfa.o
        40          8          0          0          0         84   scanf_char.o
       878         12          0          0          0        216   scanf_fp.o
        28          0          0          0          0         76   strcmp.o
        18          0          0          0          0         68   strcpy.o
        14          0          0          0          0         68   strlen.o
        30          0          0          0          0         80   strncmp.o
       156         12          0          0          0        120   strtod.o
        12          0          0          0          0         68   tolower.o
        44          0          0          0          0         80   uidiv.o
        98          0          0          0          0         92   uldiv.o
        48          0          0          0          0         68   cdcmple.o
        48          0          0          0          0         68   cdrcmple.o
        20          0          0          0          0         68   cfcmple.o
        20          0          0          0          0         68   cfrcmple.o
        56          0          0          0          0         88   d2f.o
       334          0          0          0          0        148   dadd.o
       222          0          0          0          0        100   ddiv.o
       186          0          0          0          0        176   depilogue.o
        62          0          0          0          0         80   dfixi.o
        50          0          0          0          0         76   dfixui.o
        48          0          0          0          0         68   dfixul.o
        34          0          0          0          0         76   dflti.o
        26          0          0          0          0         76   dfltui.o
        24          0          0          0          0         76   dfltul.o
       228          0          0          0          0         96   dmul.o
        46          0          0          0          0         80   dscalb.o
        38          0          0          0          0         68   f2d.o
       176          0          0          0          0        140   fadd.o
       124          0          0          0          0         88   fdiv.o
       110          0          0          0          0        168   fepilogue.o
        50          0          0          0          0         68   ffixi.o
        40          0          0          0          0         68   ffixui.o
        18          0          0          0          0         68   fflti.o
        10          0          0          0          0         68   ffltui.o
       100          0          0          0          0         76   fmul.o

    ----------------------------------------------------------------------
      9252        324        352         12          4       6016   Library Totals
        16          0          0          0          4          0   (incl. Padding)

    ----------------------------------------------------------------------

      Code (inc. data)   RO Data    RW Data    ZI Data      Debug   Library Name

      1824        126        288          0          0        948   m_ws.l
      5294        198         64         12          0       2844   mc_w.l
      2118          0          0          0          0       2224   mf_w.l

    ----------------------------------------------------------------------
      9252        324        352         12          4       6016   Library Totals

    ----------------------------------------------------------------------

==============================================================================


      Code (inc. data)   RO Data    RW Data    ZI Data      Debug   

     33848       2592        688        396      45860     455032   Grand Totals
     33848       2592        688         64      45860     455032   ELF Image Totals (compressed)
     33848       2592        688         64          0          0   ROM Totals

==============================================================================

    Total RO  Size (Code + RO Data)                34536 (  33.73kB)
    Total RW  Size (RW Data + ZI Data)             46256 (  45.17kB)
    Total ROM Size (Code + RO Data + RW Data)      34600 (  33.79kB)

==============================================================================

